ARM Linker, 5.03 [Build 76] [MDK-ARM Lite]

==============================================================================

Section Cross References

    startup.o(STACK) refers (Special) to heapauxi.o(.text) for __use_two_region_memory
    startup.o(HEAP) refers (Special) to heapauxi.o(.text) for __use_two_region_memory
    startup.o(RESET) refers (Special) to heapauxi.o(.text) for __use_two_region_memory
    startup.o(RESET) refers to startup.o(STACK) for StackMem
    startup.o(RESET) refers to texas.o(i.Timer4A_Handler) for Timer4A_Handler
    startup.o(RESET) refers to texas.o(i.Timer5A_Handler) for Timer5A_Handler
    startup.o(RESET) refers to __main.o(!!!main) for __main
    startup.o(.text) refers (Special) to heapauxi.o(.text) for __use_two_region_memory
    startup.o(.text) refers to startup.o(HEAP) for HeapMem
    startup.o(.text) refers to startup.o(STACK) for StackMem
    random.o(.text) refers to random.o(DATA) for M
    spaceinvaders.o(i.AIManager) refers to spaceinvaders.o(i.GetValue) for GetValue
    spaceinvaders.o(i.AIManager) refers to spaceinvaders.o(i.winning) for winning
    spaceinvaders.o(i.AIManager) refers to spaceinvaders.o(i.NegaMax) for NegaMax
    spaceinvaders.o(i.AIManager) refers to fflt_clz.o(x$fpl$fflt) for __aeabi_i2f
    spaceinvaders.o(i.AIManager) refers to faddsub_clz.o(x$fpl$frsb) for __aeabi_frsub
    spaceinvaders.o(i.AIManager) refers to frleqf.o(x$fpl$frleqf) for __aeabi_cfrcmple
    spaceinvaders.o(i.AIManager) refers to ffix.o(x$fpl$ffix) for __aeabi_f2iz
    spaceinvaders.o(i.AIManager) refers to spaceinvaders.o(.constdata) for .constdata
    spaceinvaders.o(i.AIManager) refers to spaceinvaders.o(.data) for PlayOut
    spaceinvaders.o(i.AIManager) refers to spaceinvaders.o(.bss) for input
    spaceinvaders.o(i.AIPlay) refers to spaceinvaders.o(i.AIManager) for AIManager
    spaceinvaders.o(i.AIPlay) refers to spaceinvaders.o(i.toGame) for toGame
    spaceinvaders.o(i.AIPlay) refers to spaceinvaders.o(i.updateDisplay) for updateDisplay
    spaceinvaders.o(i.AIPlay) refers to spaceinvaders.o(i.winning) for winning
    spaceinvaders.o(i.AIPlay) refers to spaceinvaders.o(i.printWinning) for printWinning
    spaceinvaders.o(i.AIPlay) refers to spaceinvaders.o(.bss) for input
    spaceinvaders.o(i.GetValue) refers to spaceinvaders.o(.bss) for input
    spaceinvaders.o(i.NegaMax) refers to rt_memclr_w.o(.text) for __aeabi_memclr4
    spaceinvaders.o(i.NegaMax) refers to spaceinvaders.o(i.GetValue) for GetValue
    spaceinvaders.o(i.NegaMax) refers to spaceinvaders.o(i.winning) for winning
    spaceinvaders.o(i.NegaMax) refers to spaceinvaders.o(.bss) for input
    spaceinvaders.o(i.NegaMax) refers to spaceinvaders.o(.data) for PlayOut
    spaceinvaders.o(i.PlayPosition) refers to spaceinvaders.o(i.GetValue) for GetValue
    spaceinvaders.o(i.PlayPosition) refers to spaceinvaders.o(.bss) for input
    spaceinvaders.o(i.SwitchModes) refers to spaceinvaders.o(i.update_selection) for update_selection
    spaceinvaders.o(i.SwitchModes) refers to spaceinvaders.o(i.Delay100ms) for Delay100ms
    spaceinvaders.o(i.SwitchModes) refers to spaceinvaders.o(.data) for s
    spaceinvaders.o(i.clean) refers to spaceinvaders.o(.data) for provocation
    spaceinvaders.o(i.clean) refers to spaceinvaders.o(.bss) for input
    spaceinvaders.o(i.initialize_screen) refers to virtualnokia5110.o(i.Nokia5110_ClearBuffer) for Nokia5110_ClearBuffer
    spaceinvaders.o(i.initialize_screen) refers to virtualnokia5110.o(i.Nokia5110_DisplayBuffer) for Nokia5110_DisplayBuffer
    spaceinvaders.o(i.initialize_screen) refers to virtualnokia5110.o(i.Nokia5110_SetCursor) for Nokia5110_SetCursor
    spaceinvaders.o(i.initialize_screen) refers to virtualnokia5110.o(i.Nokia5110_OutChar) for Nokia5110_OutChar
    spaceinvaders.o(i.initialize_screen) refers to spaceinvaders.o(i.Delay100ms) for Delay100ms
    spaceinvaders.o(i.initialize_screen) refers to spaceinvaders.o(i.clean) for clean
    spaceinvaders.o(i.main) refers to texas.o(i.TExaS_Init) for TExaS_Init
    spaceinvaders.o(i.main) refers to random.o(.text) for Random_Init
    spaceinvaders.o(i.main) refers to spaceinvaders.o(i.PortF_Init) for PortF_Init
    spaceinvaders.o(i.main) refers to uart.o(i.UART_Init) for UART_Init
    spaceinvaders.o(i.main) refers to virtualnokia5110.o(i.Nokia5110_Init) for Nokia5110_Init
    spaceinvaders.o(i.main) refers to virtualnokia5110.o(i.Nokia5110_ClearBuffer) for Nokia5110_ClearBuffer
    spaceinvaders.o(i.main) refers to spaceinvaders.o(i.initialize_screen) for initialize_screen
    spaceinvaders.o(i.main) refers to virtualnokia5110.o(i.Nokia5110_Clear) for Nokia5110_Clear
    spaceinvaders.o(i.main) refers to spaceinvaders.o(i.update_selection) for update_selection
    spaceinvaders.o(i.main) refers to spaceinvaders.o(i.SwitchModes) for SwitchModes
    spaceinvaders.o(i.main) refers to spaceinvaders.o(i.startingMulti) for startingMulti
    spaceinvaders.o(i.main) refers to spaceinvaders.o(i.set_mode) for set_mode
    spaceinvaders.o(i.main) refers to spaceinvaders.o(i.playSwitches) for playSwitches
    spaceinvaders.o(i.main) refers to spaceinvaders.o(i.uartPlay) for uartPlay
    spaceinvaders.o(i.main) refers to spaceinvaders.o(i.AIPlay) for AIPlay
    spaceinvaders.o(i.main) refers to spaceinvaders.o(i.updateArrow) for updateArrow
    spaceinvaders.o(i.main) refers to spaceinvaders.o(.data) for In
    spaceinvaders.o(i.playSwitches) refers to spaceinvaders.o(i.Delay100ms) for Delay100ms
    spaceinvaders.o(i.playSwitches) refers to spaceinvaders.o(i.updateArrow) for updateArrow
    spaceinvaders.o(i.playSwitches) refers to spaceinvaders.o(i.submitGame) for submitGame
    spaceinvaders.o(i.playSwitches) refers to spaceinvaders.o(.data) for postition
    spaceinvaders.o(i.playUart) refers to uart.o(i.UART_OutChar) for UART_OutChar
    spaceinvaders.o(i.printWinning) refers to spaceinvaders.o(i.Delay100ms) for Delay100ms
    spaceinvaders.o(i.printWinning) refers to virtualnokia5110.o(i.Nokia5110_Clear) for Nokia5110_Clear
    spaceinvaders.o(i.printWinning) refers to virtualnokia5110.o(i.Nokia5110_SetCursor) for Nokia5110_SetCursor
    spaceinvaders.o(i.printWinning) refers to virtualnokia5110.o(i.Nokia5110_OutString) for Nokia5110_OutString
    spaceinvaders.o(i.printWinning) refers to exit.o(.text) for exit
    spaceinvaders.o(i.set_mode) refers to spaceinvaders.o(.data) for Mode
    spaceinvaders.o(i.startingMulti) refers to rand.o(.text) for srand
    spaceinvaders.o(i.startingMulti) refers to rand.o(.emb_text) for rand
    spaceinvaders.o(i.startingMulti) refers to spaceinvaders.o(i.playUart) for playUart
    spaceinvaders.o(i.startingMulti) refers to spaceinvaders.o(i.waitPlayUart) for waitPlayUart
    spaceinvaders.o(i.startingMulti) refers to spaceinvaders.o(i.updateDisplay) for updateDisplay
    spaceinvaders.o(i.startingMulti) refers to spaceinvaders.o(.data) for co
    spaceinvaders.o(i.submitGame) refers to spaceinvaders.o(i.PlayPosition) for PlayPosition
    spaceinvaders.o(i.submitGame) refers to spaceinvaders.o(i.playUart) for playUart
    spaceinvaders.o(i.submitGame) refers to spaceinvaders.o(i.toGame) for toGame
    spaceinvaders.o(i.submitGame) refers to spaceinvaders.o(i.updateDisplay) for updateDisplay
    spaceinvaders.o(i.submitGame) refers to spaceinvaders.o(i.winning) for winning
    spaceinvaders.o(i.submitGame) refers to spaceinvaders.o(i.printWinning) for printWinning
    spaceinvaders.o(i.submitGame) refers to spaceinvaders.o(.data) for Mode
    spaceinvaders.o(i.toGame) refers to spaceinvaders.o(.bss) for input
    spaceinvaders.o(i.uartPlay) refers to spaceinvaders.o(i.waitPlayUart) for waitPlayUart
    spaceinvaders.o(i.uartPlay) refers to spaceinvaders.o(i.PlayPosition) for PlayPosition
    spaceinvaders.o(i.uartPlay) refers to spaceinvaders.o(i.toGame) for toGame
    spaceinvaders.o(i.uartPlay) refers to spaceinvaders.o(i.updateDisplay) for updateDisplay
    spaceinvaders.o(i.uartPlay) refers to spaceinvaders.o(i.winning) for winning
    spaceinvaders.o(i.uartPlay) refers to spaceinvaders.o(i.printWinning) for printWinning
    spaceinvaders.o(i.updateArrow) refers to virtualnokia5110.o(i.Nokia5110_PrintBMP) for Nokia5110_PrintBMP
    spaceinvaders.o(i.updateArrow) refers to virtualnokia5110.o(i.Nokia5110_DisplayBuffer) for Nokia5110_DisplayBuffer
    spaceinvaders.o(i.updateArrow) refers to spaceinvaders.o(.constdata) for arrow
    spaceinvaders.o(i.updateDisplay) refers to virtualnokia5110.o(i.Nokia5110_ClearBuffer) for Nokia5110_ClearBuffer
    spaceinvaders.o(i.updateDisplay) refers to virtualnokia5110.o(i.Nokia5110_PrintBMP) for Nokia5110_PrintBMP
    spaceinvaders.o(i.updateDisplay) refers to virtualnokia5110.o(i.Nokia5110_DisplayBuffer) for Nokia5110_DisplayBuffer
    spaceinvaders.o(i.updateDisplay) refers to spaceinvaders.o(.bss) for states
    spaceinvaders.o(i.updateDisplay) refers to spaceinvaders.o(.constdata) for empty_slot
    spaceinvaders.o(i.update_selection) refers to virtualnokia5110.o(i.Nokia5110_Clear) for Nokia5110_Clear
    spaceinvaders.o(i.update_selection) refers to virtualnokia5110.o(i.Nokia5110_SetCursor) for Nokia5110_SetCursor
    spaceinvaders.o(i.update_selection) refers to virtualnokia5110.o(i.Nokia5110_OutChar) for Nokia5110_OutChar
    spaceinvaders.o(i.update_selection) refers to virtualnokia5110.o(i.Nokia5110_OutString) for Nokia5110_OutString
    spaceinvaders.o(i.waitPlayUart) refers to uart.o(i.UART_InChar) for UART_InChar
    spaceinvaders.o(i.winning) refers to spaceinvaders.o(.bss) for input
    texas.o(i.SetCode) refers to texas.o(.bss) for TExaS
    texas.o(i.SetCourse) refers to texas.o(.bss) for TExaS
    texas.o(i.SetMode) refers to texas.o(.bss) for TExaS
    texas.o(i.StartTimer4) refers to texas.o(.data) for ScopeCount
    texas.o(i.TExaS_Init) refers to texas.o(i.PLL_Init) for PLL_Init
    texas.o(i.TExaS_Init) refers to texas.o(i.SetCourse) for SetCourse
    texas.o(i.TExaS_Init) refers to texas.o(i.UART0_Init) for UART0_Init
    texas.o(i.TExaS_Init) refers to texas.o(i.SetCode) for SetCode
    texas.o(i.TExaS_Init) refers to texas.o(i.ADC1_Init) for ADC1_Init
    texas.o(i.TExaS_Init) refers to texas.o(.constdata) for IntroMsg
    texas.o(i.TExaS_Init) refers to texas.o(.bss) for TExaS
    texas.o(i.TExaS_Init) refers to texas.o(.data) for LastMode
    texas.o(i.Timer5A_Handler) refers to texas.o(i.ADC1_In) for ADC1_In
    texas.o(i.Timer5A_Handler) refers to texas.o(.data) for TExaS_Period
    virtualnokia5110.o(i.Nokia5110_Clear) refers to virtualnokia5110.o(i.lcdwrite) for lcdwrite
    virtualnokia5110.o(i.Nokia5110_Clear) refers to virtualnokia5110.o(i.Nokia5110_SetCursor) for Nokia5110_SetCursor
    virtualnokia5110.o(i.Nokia5110_ClearBuffer) refers to virtualnokia5110.o(.bss) for Screen
    virtualnokia5110.o(i.Nokia5110_DisplayBuffer) refers to virtualnokia5110.o(i.Nokia5110_DrawFullImage) for Nokia5110_DrawFullImage
    virtualnokia5110.o(i.Nokia5110_DisplayBuffer) refers to virtualnokia5110.o(.bss) for Screen
    virtualnokia5110.o(i.Nokia5110_DrawFullImage) refers to virtualnokia5110.o(i.Nokia5110_SetCursor) for Nokia5110_SetCursor
    virtualnokia5110.o(i.Nokia5110_DrawFullImage) refers to virtualnokia5110.o(i.lcdwrite) for lcdwrite
    virtualnokia5110.o(i.Nokia5110_Init) refers to virtualnokia5110.o(i.lcdwrite) for lcdwrite
    virtualnokia5110.o(i.Nokia5110_OutChar) refers to virtualnokia5110.o(i.lcdwrite) for lcdwrite
    virtualnokia5110.o(i.Nokia5110_OutChar) refers to virtualnokia5110.o(.constdata) for ASCII
    virtualnokia5110.o(i.Nokia5110_OutString) refers to virtualnokia5110.o(i.Nokia5110_OutChar) for Nokia5110_OutChar
    virtualnokia5110.o(i.Nokia5110_OutUDec) refers to virtualnokia5110.o(i.Nokia5110_OutString) for Nokia5110_OutString
    virtualnokia5110.o(i.Nokia5110_OutUDec) refers to virtualnokia5110.o(i.Nokia5110_OutChar) for Nokia5110_OutChar
    virtualnokia5110.o(i.Nokia5110_PrintBMP) refers to virtualnokia5110.o(.bss) for Screen
    virtualnokia5110.o(i.Nokia5110_SetCursor) refers to virtualnokia5110.o(i.lcdwrite) for lcdwrite
    rand.o(.emb_text) refers (Special) to libinit2.o(.ARM.Collect$$libinit$$0000000B) for __rt_lib_init_rand_2
    rand.o(.emb_text) refers to rand.o(.text) for _rand_init
    rand.o(.emb_text) refers to rand.o(.bss) for _random_number_data
    rand.o(.text) refers (Special) to libinit2.o(.ARM.Collect$$libinit$$0000000B) for __rt_lib_init_rand_2
    rand.o(.text) refers to rand.o(.bss) for .bss
    rand.o(.bss) refers (Special) to libinit2.o(.ARM.Collect$$libinit$$0000000B) for __rt_lib_init_rand_2
    exit.o(.text) refers to rtexit.o(.ARM.Collect$$rtexit$$00000000) for __rt_exit
    __main.o(!!!main) refers to rtentry.o(.ARM.Collect$$rtentry$$00000000) for __rt_entry
    faddsub_clz.o(x$fpl$fadd) refers (Special) to usenofp.o(x$fpl$usenofp) for __I$use$fp
    faddsub_clz.o(x$fpl$fadd) refers to faddsub_clz.o(x$fpl$fsub) for _fsub1
    faddsub_clz.o(x$fpl$fadd) refers to fretinf.o(x$fpl$fretinf) for __fpl_fretinf
    faddsub_clz.o(x$fpl$fadd) refers to fnaninf.o(x$fpl$fnaninf) for __fpl_fnaninf
    faddsub_clz.o(x$fpl$frsb) refers (Special) to usenofp.o(x$fpl$usenofp) for __I$use$fp
    faddsub_clz.o(x$fpl$frsb) refers to faddsub_clz.o(x$fpl$fadd) for _fadd1
    faddsub_clz.o(x$fpl$frsb) refers to faddsub_clz.o(x$fpl$fsub) for _fsub1
    faddsub_clz.o(x$fpl$fsub) refers (Special) to usenofp.o(x$fpl$usenofp) for __I$use$fp
    faddsub_clz.o(x$fpl$fsub) refers to faddsub_clz.o(x$fpl$fadd) for _fadd1
    faddsub_clz.o(x$fpl$fsub) refers to fnaninf.o(x$fpl$fnaninf) for __fpl_fnaninf
    ffix.o(x$fpl$ffix) refers (Special) to usenofp.o(x$fpl$usenofp) for __I$use$fp
    ffix.o(x$fpl$ffix) refers to fnaninf.o(x$fpl$fnaninf) for __fpl_fnaninf
    ffix.o(x$fpl$ffixr) refers (Special) to usenofp.o(x$fpl$usenofp) for __I$use$fp
    ffix.o(x$fpl$ffixr) refers to fnaninf.o(x$fpl$fnaninf) for __fpl_fnaninf
    fflt_clz.o(x$fpl$ffltu) refers (Special) to usenofp.o(x$fpl$usenofp) for __I$use$fp
    fflt_clz.o(x$fpl$fflt) refers (Special) to usenofp.o(x$fpl$usenofp) for __I$use$fp
    fflt_clz.o(x$fpl$ffltn) refers (Special) to usenofp.o(x$fpl$usenofp) for __I$use$fp
    frleqf.o(x$fpl$frleqf) refers (Special) to usenofp.o(x$fpl$usenofp) for __I$use$fp
    frleqf.o(x$fpl$frleqf) refers to fleqf.o(x$fpl$fleqf) for __fpl_fcmple_InfNaN
    rtentry.o(.ARM.Collect$$rtentry$$00000000) refers (Special) to rtentry2.o(.ARM.Collect$$rtentry$$0000000A) for __rt_entry_li
    rtentry.o(.ARM.Collect$$rtentry$$00000000) refers (Special) to rtentry2.o(.ARM.Collect$$rtentry$$0000000D) for __rt_entry_main
    rtentry.o(.ARM.Collect$$rtentry$$00000000) refers (Special) to rtentry2.o(.ARM.Collect$$rtentry$$0000000C) for __rt_entry_postli_1
    rtentry.o(.ARM.Collect$$rtentry$$00000000) refers (Special) to rtentry2.o(.ARM.Collect$$rtentry$$00000009) for __rt_entry_postsh_1
    rtentry.o(.ARM.Collect$$rtentry$$00000000) refers (Special) to rtentry2.o(.ARM.Collect$$rtentry$$00000002) for __rt_entry_presh_1
    rtentry.o(.ARM.Collect$$rtentry$$00000000) refers (Special) to rtentry4.o(.ARM.Collect$$rtentry$$00000004) for __rt_entry_sh
    rtexit.o(.ARM.Collect$$rtexit$$00000000) refers (Special) to rtexit2.o(.ARM.Collect$$rtexit$$00000004) for __rt_exit_exit
    rtexit.o(.ARM.Collect$$rtexit$$00000000) refers (Special) to rtexit2.o(.ARM.Collect$$rtexit$$00000003) for __rt_exit_ls
    rtexit.o(.ARM.Collect$$rtexit$$00000000) refers (Special) to rtexit2.o(.ARM.Collect$$rtexit$$00000002) for __rt_exit_prels_1
    rtexit.o(.ARM.exidx) refers (Special) to rtexit2.o(.ARM.Collect$$rtexit$$00000004) for __rt_exit_exit
    rtexit.o(.ARM.exidx) refers (Special) to rtexit2.o(.ARM.Collect$$rtexit$$00000003) for __rt_exit_ls
    rtexit.o(.ARM.exidx) refers (Special) to rtexit2.o(.ARM.Collect$$rtexit$$00000002) for __rt_exit_prels_1
    rtexit.o(.ARM.exidx) refers to rtexit.o(.ARM.Collect$$rtexit$$00000000) for .ARM.Collect$$rtexit$$00000000
    libinit2.o(.ARM.Collect$$libinit$$0000000B) refers (Weak) to rand.o(.text) for _rand_init
    libinit2.o(.ARM.Collect$$libinit$$0000000E) refers to libinit2.o(.ARM.Collect$$libinit$$0000000D) for .ARM.Collect$$libinit$$0000000D
    libinit2.o(.ARM.Collect$$libinit$$00000010) refers to libinit2.o(.ARM.Collect$$libinit$$0000000D) for .ARM.Collect$$libinit$$0000000D
    libinit2.o(.ARM.Collect$$libinit$$00000012) refers to libinit2.o(.ARM.Collect$$libinit$$0000000D) for .ARM.Collect$$libinit$$0000000D
    libinit2.o(.ARM.Collect$$libinit$$00000014) refers to libinit2.o(.ARM.Collect$$libinit$$0000000D) for .ARM.Collect$$libinit$$0000000D
    libinit2.o(.ARM.Collect$$libinit$$00000016) refers to libinit2.o(.ARM.Collect$$libinit$$0000000D) for .ARM.Collect$$libinit$$0000000D
    libinit2.o(.ARM.Collect$$libinit$$00000024) refers to argv_veneer.o(.emb_text) for __ARM_argv_veneer
    libinit2.o(.ARM.Collect$$libinit$$00000025) refers to argv_veneer.o(.emb_text) for __ARM_argv_veneer
    fleqf.o(x$fpl$fleqf) refers (Special) to usenofp.o(x$fpl$usenofp) for __I$use$fp
    fleqf.o(x$fpl$fleqf) refers to fnaninf.o(x$fpl$fnaninf) for __fpl_fnaninf
    fleqf.o(x$fpl$fleqf) refers to fcmpi.o(x$fpl$fcmpinf) for __fpl_fcmp_Inf
    fnaninf.o(x$fpl$fnaninf) refers (Special) to usenofp.o(x$fpl$usenofp) for __I$use$fp
    fretinf.o(x$fpl$fretinf) refers (Special) to usenofp.o(x$fpl$usenofp) for __I$use$fp
    rtentry2.o(.ARM.Collect$$rtentry$$00000008) refers to boardinit2.o(.text) for _platform_post_stackheap_init
    rtentry2.o(.ARM.Collect$$rtentry$$0000000A) refers to libinit.o(.ARM.Collect$$libinit$$00000000) for __rt_lib_init
    rtentry2.o(.ARM.Collect$$rtentry$$0000000B) refers to boardinit3.o(.text) for _platform_post_lib_init
    rtentry2.o(.ARM.Collect$$rtentry$$0000000D) refers to spaceinvaders.o(i.main) for main
    rtentry2.o(.ARM.Collect$$rtentry$$0000000D) refers to exit.o(.text) for exit
    rtentry2.o(.ARM.exidx) refers to rtentry2.o(.ARM.Collect$$rtentry$$00000001) for .ARM.Collect$$rtentry$$00000001
    rtentry2.o(.ARM.exidx) refers to rtentry2.o(.ARM.Collect$$rtentry$$00000008) for .ARM.Collect$$rtentry$$00000008
    rtentry2.o(.ARM.exidx) refers to rtentry2.o(.ARM.Collect$$rtentry$$0000000A) for .ARM.Collect$$rtentry$$0000000A
    rtentry2.o(.ARM.exidx) refers to rtentry2.o(.ARM.Collect$$rtentry$$0000000B) for .ARM.Collect$$rtentry$$0000000B
    rtentry2.o(.ARM.exidx) refers to rtentry2.o(.ARM.Collect$$rtentry$$0000000D) for .ARM.Collect$$rtentry$$0000000D
    rtentry4.o(.ARM.Collect$$rtentry$$00000004) refers to sys_stackheap_outer.o(.text) for __user_setup_stackheap
    rtentry4.o(.ARM.exidx) refers to rtentry4.o(.ARM.Collect$$rtentry$$00000004) for .ARM.Collect$$rtentry$$00000004
    rtexit2.o(.ARM.Collect$$rtexit$$00000003) refers to libshutdown.o(.ARM.Collect$$libshutdown$$00000000) for __rt_lib_shutdown
    rtexit2.o(.ARM.Collect$$rtexit$$00000004) refers to sys_exit.o(.text) for _sys_exit
    rtexit2.o(.ARM.exidx) refers to rtexit2.o(.ARM.Collect$$rtexit$$00000001) for .ARM.Collect$$rtexit$$00000001
    rtexit2.o(.ARM.exidx) refers to rtexit2.o(.ARM.Collect$$rtexit$$00000003) for .ARM.Collect$$rtexit$$00000003
    rtexit2.o(.ARM.exidx) refers to rtexit2.o(.ARM.Collect$$rtexit$$00000004) for .ARM.Collect$$rtexit$$00000004
    argv_veneer.o(.emb_text) refers to no_argv.o(.text) for __ARM_get_argv
    fcmpi.o(x$fpl$fcmpinf) refers (Special) to usenofp.o(x$fpl$usenofp) for __I$use$fp
    sys_exit.o(.text) refers (Special) to use_no_semi.o(.text) for __I$use$semihosting
    sys_exit.o(.text) refers (Special) to indicate_semi.o(.text) for __semihosting_library_function
    sys_stackheap_outer.o(.text) refers to libspace.o(.text) for __user_perproc_libspace
    sys_stackheap_outer.o(.text) refers to startup.o(.text) for __user_initial_stackheap
    _get_argv_nomalloc.o(.text) refers (Special) to hrguard.o(.text) for __heap_region$guard
    _get_argv_nomalloc.o(.text) refers to defsig_rtmem_outer.o(.text) for __rt_SIGRTMEM
    _get_argv_nomalloc.o(.text) refers to sys_command.o(.text) for _sys_command_string
    libinit.o(.ARM.Collect$$libinit$$00000000) refers (Special) to libinit2.o(.ARM.Collect$$libinit$$0000002C) for __rt_lib_init_alloca_1
    libinit.o(.ARM.Collect$$libinit$$00000000) refers (Special) to libinit2.o(.ARM.Collect$$libinit$$0000002A) for __rt_lib_init_argv_1
    libinit.o(.ARM.Collect$$libinit$$00000000) refers (Special) to libinit2.o(.ARM.Collect$$libinit$$00000019) for __rt_lib_init_atexit_1
    libinit.o(.ARM.Collect$$libinit$$00000000) refers (Special) to libinit2.o(.ARM.Collect$$libinit$$0000001F) for __rt_lib_init_clock_1
    libinit.o(.ARM.Collect$$libinit$$00000000) refers (Special) to libinit2.o(.ARM.Collect$$libinit$$00000030) for __rt_lib_init_cpp_1
    libinit.o(.ARM.Collect$$libinit$$00000000) refers (Special) to libinit2.o(.ARM.Collect$$libinit$$0000002E) for __rt_lib_init_exceptions_1
    libinit.o(.ARM.Collect$$libinit$$00000000) refers (Special) to libinit2.o(.ARM.Collect$$libinit$$00000002) for __rt_lib_init_fp_1
    libinit.o(.ARM.Collect$$libinit$$00000000) refers (Special) to libinit2.o(.ARM.Collect$$libinit$$0000001D) for __rt_lib_init_fp_trap_1
    libinit.o(.ARM.Collect$$libinit$$00000000) refers (Special) to libinit2.o(.ARM.Collect$$libinit$$00000021) for __rt_lib_init_getenv_1
    libinit.o(.ARM.Collect$$libinit$$00000000) refers (Special) to libinit2.o(.ARM.Collect$$libinit$$00000008) for __rt_lib_init_heap_1
    libinit.o(.ARM.Collect$$libinit$$00000000) refers (Special) to libinit2.o(.ARM.Collect$$libinit$$0000000F) for __rt_lib_init_lc_collate_1
    libinit.o(.ARM.Collect$$libinit$$00000000) refers (Special) to libinit2.o(.ARM.Collect$$libinit$$00000011) for __rt_lib_init_lc_ctype_1
    libinit.o(.ARM.Collect$$libinit$$00000000) refers (Special) to libinit2.o(.ARM.Collect$$libinit$$00000013) for __rt_lib_init_lc_monetary_1
    libinit.o(.ARM.Collect$$libinit$$00000000) refers (Special) to libinit2.o(.ARM.Collect$$libinit$$00000015) for __rt_lib_init_lc_numeric_1
    libinit.o(.ARM.Collect$$libinit$$00000000) refers (Special) to libinit2.o(.ARM.Collect$$libinit$$00000017) for __rt_lib_init_lc_time_1
    libinit.o(.ARM.Collect$$libinit$$00000000) refers (Special) to libinit2.o(.ARM.Collect$$libinit$$0000000C) for __rt_lib_init_rand_1
    libinit.o(.ARM.Collect$$libinit$$00000000) refers (Special) to libinit2.o(.ARM.Collect$$libinit$$00000031) for __rt_lib_init_return
    libinit.o(.ARM.Collect$$libinit$$00000000) refers (Special) to libinit2.o(.ARM.Collect$$libinit$$0000001B) for __rt_lib_init_signal_1
    libinit.o(.ARM.Collect$$libinit$$00000000) refers (Special) to libinit2.o(.ARM.Collect$$libinit$$00000023) for __rt_lib_init_stdio_1
    libinit.o(.ARM.Collect$$libinit$$00000000) refers (Special) to libinit2.o(.ARM.Collect$$libinit$$0000000A) for __rt_lib_init_user_alloc_1
    libshutdown.o(.ARM.Collect$$libshutdown$$00000000) refers (Special) to libshutdown2.o(.ARM.Collect$$libshutdown$$00000006) for __rt_lib_shutdown_fp_trap_1
    libshutdown.o(.ARM.Collect$$libshutdown$$00000000) refers (Special) to libshutdown2.o(.ARM.Collect$$libshutdown$$0000000E) for __rt_lib_shutdown_heap_1
    libshutdown.o(.ARM.Collect$$libshutdown$$00000000) refers (Special) to libshutdown2.o(.ARM.Collect$$libshutdown$$0000000F) for __rt_lib_shutdown_return
    libshutdown.o(.ARM.Collect$$libshutdown$$00000000) refers (Special) to libshutdown2.o(.ARM.Collect$$libshutdown$$00000009) for __rt_lib_shutdown_signal_1
    libshutdown.o(.ARM.Collect$$libshutdown$$00000000) refers (Special) to libshutdown2.o(.ARM.Collect$$libshutdown$$00000003) for __rt_lib_shutdown_stdio_1
    libshutdown.o(.ARM.Collect$$libshutdown$$00000000) refers (Special) to libshutdown2.o(.ARM.Collect$$libshutdown$$0000000B) for __rt_lib_shutdown_user_alloc_1
    sys_command.o(.text) refers (Special) to use_no_semi.o(.text) for __I$use$semihosting
    sys_command.o(.text) refers (Special) to indicate_semi.o(.text) for __semihosting_library_function
    libspace.o(.text) refers to libspace.o(.bss) for __libspace_start
    defsig_rtmem_outer.o(.text) refers to defsig_rtmem_inner.o(.text) for __rt_SIGRTMEM_inner
    defsig_rtmem_outer.o(.text) refers to defsig_exit.o(.text) for __sig_exit
    defsig_rtmem_formal.o(.text) refers to rt_raise.o(.text) for __rt_raise
    rt_raise.o(.text) refers to __raise.o(.text) for __raise
    rt_raise.o(.text) refers to sys_exit.o(.text) for _sys_exit
    defsig_exit.o(.text) refers to sys_exit.o(.text) for _sys_exit
    defsig_rtmem_inner.o(.text) refers to defsig_general.o(.text) for __default_signal_display
    __raise.o(.text) refers to defsig.o(CL$$defsig) for __default_signal_handler
    defsig_general.o(.text) refers to sys_wrch.o(.text) for _ttywrch
    sys_wrch.o(.text) refers (Special) to use_no_semi.o(.text) for __I$use$semihosting
    sys_wrch.o(.text) refers (Special) to indicate_semi.o(.text) for __semihosting_library_function
    defsig.o(CL$$defsig) refers to defsig_rtmem_inner.o(.text) for __rt_SIGRTMEM_inner
    defsig_abrt_inner.o(.text) refers to defsig_general.o(.text) for __default_signal_display
    defsig_fpe_inner.o(.text) refers to defsig_general.o(.text) for __default_signal_display
    defsig_rtred_inner.o(.text) refers to defsig_general.o(.text) for __default_signal_display
    defsig_stak_inner.o(.text) refers to defsig_general.o(.text) for __default_signal_display
    defsig_pvfn_inner.o(.text) refers to defsig_general.o(.text) for __default_signal_display
    defsig_cppl_inner.o(.text) refers to defsig_general.o(.text) for __default_signal_display
    defsig_segv_inner.o(.text) refers to defsig_general.o(.text) for __default_signal_display
    defsig_other.o(.text) refers to defsig_general.o(.text) for __default_signal_display


==============================================================================

Removing Unused input sections from the image.

    Removing texas.o(i.SetMode), (24 bytes).
    Removing texas.o(i.StartTimer4), (36 bytes).
    Removing texas.o(i.StopTimer4), (24 bytes).
    Removing texas.o(i.TExaS_Stop), (28 bytes).
    Removing texas.o(i.UART0_InChar), (24 bytes).
    Removing texas.o(i.UART0_InCharNonBlocking), (28 bytes).
    Removing texas.o(i.UART0_OutChar), (24 bytes).
    Removing texas.o(i.UART0_OutCharNonBlock), (12 bytes).
    Removing texas.o(i.copy), (18 bytes).
    Removing virtualnokia5110.o(i.Nokia5110_OutUDec), (412 bytes).

10 unused section(s) (total 630 bytes) removed from the image.

==============================================================================

Image Symbol Table

    Local Symbols

    Symbol Name                              Value     Ov Type        Size  Object(Section)

    RESET                                    0x00000000   Section      644  startup.o(RESET)
    ../clib/angel/boardlib.s                 0x00000000   Number         0  boardshut.o ABSOLUTE
    ../clib/angel/boardlib.s                 0x00000000   Number         0  boardinit2.o ABSOLUTE
    ../clib/angel/boardlib.s                 0x00000000   Number         0  boardinit1.o ABSOLUTE
    ../clib/angel/boardlib.s                 0x00000000   Number         0  boardinit3.o ABSOLUTE
    ../clib/angel/handlers.s                 0x00000000   Number         0  __scatter_copy.o ABSOLUTE
    ../clib/angel/handlers.s                 0x00000000   Number         0  __scatter_zi.o ABSOLUTE
    ../clib/angel/kernel.s                   0x00000000   Number         0  rtentry2.o ABSOLUTE
    ../clib/angel/kernel.s                   0x00000000   Number         0  rtentry4.o ABSOLUTE
    ../clib/angel/kernel.s                   0x00000000   Number         0  rtexit2.o ABSOLUTE
    ../clib/angel/kernel.s                   0x00000000   Number         0  rtexit.o ABSOLUTE
    ../clib/angel/kernel.s                   0x00000000   Number         0  rtentry.o ABSOLUTE
    ../clib/angel/rt.s                       0x00000000   Number         0  rt_raise.o ABSOLUTE
    ../clib/angel/scatter.s                  0x00000000   Number         0  __scatter.o ABSOLUTE
    ../clib/angel/startup.s                  0x00000000   Number         0  __main.o ABSOLUTE
    ../clib/angel/sys.s                      0x00000000   Number         0  indicate_semi.o ABSOLUTE
    ../clib/angel/sys.s                      0x00000000   Number         0  sys_stackheap_outer.o ABSOLUTE
    ../clib/angel/sys.s                      0x00000000   Number         0  use_no_semi.o ABSOLUTE
    ../clib/angel/sys.s                      0x00000000   Number         0  libspace.o ABSOLUTE
    ../clib/angel/sysapp.c                   0x00000000   Number         0  sys_exit.o ABSOLUTE
    ../clib/angel/sysapp.c                   0x00000000   Number         0  sys_command.o ABSOLUTE
    ../clib/angel/sysapp.c                   0x00000000   Number         0  sys_wrch.o ABSOLUTE
    ../clib/armsys.c                         0x00000000   Number         0  argv_veneer.o ABSOLUTE
    ../clib/armsys.c                         0x00000000   Number         0  argv_veneer.o ABSOLUTE
    ../clib/armsys.c                         0x00000000   Number         0  _get_argv_nomalloc.o ABSOLUTE
    ../clib/armsys.c                         0x00000000   Number         0  no_argv.o ABSOLUTE
    ../clib/heapalloc.c                      0x00000000   Number         0  hrguard.o ABSOLUTE
    ../clib/heapaux.c                        0x00000000   Number         0  heapauxi.o ABSOLUTE
    ../clib/libinit.s                        0x00000000   Number         0  libshutdown2.o ABSOLUTE
    ../clib/libinit.s                        0x00000000   Number         0  libshutdown.o ABSOLUTE
    ../clib/libinit.s                        0x00000000   Number         0  libinit.o ABSOLUTE
    ../clib/libinit.s                        0x00000000   Number         0  libinit2.o ABSOLUTE
    ../clib/memcpset.s                       0x00000000   Number         0  rt_memclr_w.o ABSOLUTE
    ../clib/signal.c                         0x00000000   Number         0  defsig_segv_inner.o ABSOLUTE
    ../clib/signal.c                         0x00000000   Number         0  defsig_cppl_inner.o ABSOLUTE
    ../clib/signal.c                         0x00000000   Number         0  defsig_pvfn_inner.o ABSOLUTE
    ../clib/signal.c                         0x00000000   Number         0  defsig_stak_inner.o ABSOLUTE
    ../clib/signal.c                         0x00000000   Number         0  defsig_rtred_inner.o ABSOLUTE
    ../clib/signal.c                         0x00000000   Number         0  defsig_fpe_inner.o ABSOLUTE
    ../clib/signal.c                         0x00000000   Number         0  defsig_abrt_inner.o ABSOLUTE
    ../clib/signal.c                         0x00000000   Number         0  defsig_rtmem_formal.o ABSOLUTE
    ../clib/signal.c                         0x00000000   Number         0  defsig_exit.o ABSOLUTE
    ../clib/signal.c                         0x00000000   Number         0  defsig_rtmem_inner.o ABSOLUTE
    ../clib/signal.c                         0x00000000   Number         0  __raise.o ABSOLUTE
    ../clib/signal.c                         0x00000000   Number         0  defsig_rtmem_outer.o ABSOLUTE
    ../clib/signal.c                         0x00000000   Number         0  defsig_other.o ABSOLUTE
    ../clib/signal.c                         0x00000000   Number         0  defsig_general.o ABSOLUTE
    ../clib/signal.s                         0x00000000   Number         0  defsig.o ABSOLUTE
    ../clib/stdlib.c                         0x00000000   Number         0  rand.o ABSOLUTE
    ../clib/stdlib.c                         0x00000000   Number         0  rand.o ABSOLUTE
    ../clib/stdlib.c                         0x00000000   Number         0  exit.o ABSOLUTE
    ../fplib/faddsub.s                       0x00000000   Number         0  faddsub_clz.o ABSOLUTE
    ../fplib/fcmpi.s                         0x00000000   Number         0  fcmpi.o ABSOLUTE
    ../fplib/ffix.s                          0x00000000   Number         0  ffix.o ABSOLUTE
    ../fplib/fflt.s                          0x00000000   Number         0  fflt_clz.o ABSOLUTE
    ../fplib/fleqf.s                         0x00000000   Number         0  fleqf.o ABSOLUTE
    ../fplib/fnaninf.s                       0x00000000   Number         0  fnaninf.o ABSOLUTE
    ../fplib/fpinit.s                        0x00000000   Number         0  fpinit.o ABSOLUTE
    ../fplib/fretinf.s                       0x00000000   Number         0  fretinf.o ABSOLUTE
    ../fplib/frleqf.s                        0x00000000   Number         0  frleqf.o ABSOLUTE
    ../fplib/usenofp.s                       0x00000000   Number         0  usenofp.o ABSOLUTE
    SpaceInvaders.c                          0x00000000   Number         0  spaceinvaders.o ABSOLUTE
    TExaS.c                                  0x00000000   Number         0  texas.o ABSOLUTE
    UART.c                                   0x00000000   Number         0  uart.o ABSOLUTE
    VirtualNokia5110.c                       0x00000000   Number         0  virtualnokia5110.o ABSOLUTE
    dc.s                                     0x00000000   Number         0  dc.o ABSOLUTE
    random.s                                 0x00000000   Number         0  random.o ABSOLUTE
    startup.s                                0x00000000   Number         0  startup.o ABSOLUTE
    !!!main                                  0x00000284   Section        8  __main.o(!!!main)
    !!!scatter                               0x0000028c   Section       52  __scatter.o(!!!scatter)
    !!handler_copy                           0x000002c0   Section       26  __scatter_copy.o(!!handler_copy)
    !!handler_zi                             0x000002dc   Section       28  __scatter_zi.o(!!handler_zi)
    .ARM.Collect$$libinit$$00000000          0x000002f8   Section        2  libinit.o(.ARM.Collect$$libinit$$00000000)
    .ARM.Collect$$libinit$$00000002          0x000002fa   Section        0  libinit2.o(.ARM.Collect$$libinit$$00000002)
    .ARM.Collect$$libinit$$00000008          0x000002fa   Section        0  libinit2.o(.ARM.Collect$$libinit$$00000008)
    .ARM.Collect$$libinit$$0000000A          0x000002fa   Section        0  libinit2.o(.ARM.Collect$$libinit$$0000000A)
    .ARM.Collect$$libinit$$0000000B          0x000002fa   Section        4  libinit2.o(.ARM.Collect$$libinit$$0000000B)
    .ARM.Collect$$libinit$$0000000C          0x000002fe   Section        0  libinit2.o(.ARM.Collect$$libinit$$0000000C)
    .ARM.Collect$$libinit$$0000000F          0x000002fe   Section        0  libinit2.o(.ARM.Collect$$libinit$$0000000F)
    .ARM.Collect$$libinit$$00000011          0x000002fe   Section        0  libinit2.o(.ARM.Collect$$libinit$$00000011)
    .ARM.Collect$$libinit$$00000013          0x000002fe   Section        0  libinit2.o(.ARM.Collect$$libinit$$00000013)
    .ARM.Collect$$libinit$$00000015          0x000002fe   Section        0  libinit2.o(.ARM.Collect$$libinit$$00000015)
    .ARM.Collect$$libinit$$00000017          0x000002fe   Section        0  libinit2.o(.ARM.Collect$$libinit$$00000017)
    .ARM.Collect$$libinit$$00000019          0x000002fe   Section        0  libinit2.o(.ARM.Collect$$libinit$$00000019)
    .ARM.Collect$$libinit$$0000001B          0x000002fe   Section        0  libinit2.o(.ARM.Collect$$libinit$$0000001B)
    .ARM.Collect$$libinit$$0000001D          0x000002fe   Section        0  libinit2.o(.ARM.Collect$$libinit$$0000001D)
    .ARM.Collect$$libinit$$0000001F          0x000002fe   Section        0  libinit2.o(.ARM.Collect$$libinit$$0000001F)
    .ARM.Collect$$libinit$$00000021          0x000002fe   Section        0  libinit2.o(.ARM.Collect$$libinit$$00000021)
    .ARM.Collect$$libinit$$00000023          0x000002fe   Section        0  libinit2.o(.ARM.Collect$$libinit$$00000023)
    .ARM.Collect$$libinit$$0000002A          0x000002fe   Section        0  libinit2.o(.ARM.Collect$$libinit$$0000002A)
    .ARM.Collect$$libinit$$0000002C          0x000002fe   Section        0  libinit2.o(.ARM.Collect$$libinit$$0000002C)
    .ARM.Collect$$libinit$$0000002E          0x000002fe   Section        0  libinit2.o(.ARM.Collect$$libinit$$0000002E)
    .ARM.Collect$$libinit$$00000030          0x000002fe   Section        0  libinit2.o(.ARM.Collect$$libinit$$00000030)
    .ARM.Collect$$libinit$$00000031          0x000002fe   Section        2  libinit2.o(.ARM.Collect$$libinit$$00000031)
    .ARM.Collect$$libshutdown$$00000000      0x00000300   Section        2  libshutdown.o(.ARM.Collect$$libshutdown$$00000000)
    .ARM.Collect$$libshutdown$$00000003      0x00000302   Section        0  libshutdown2.o(.ARM.Collect$$libshutdown$$00000003)
    .ARM.Collect$$libshutdown$$00000006      0x00000302   Section        0  libshutdown2.o(.ARM.Collect$$libshutdown$$00000006)
    .ARM.Collect$$libshutdown$$00000009      0x00000302   Section        0  libshutdown2.o(.ARM.Collect$$libshutdown$$00000009)
    .ARM.Collect$$libshutdown$$0000000B      0x00000302   Section        0  libshutdown2.o(.ARM.Collect$$libshutdown$$0000000B)
    .ARM.Collect$$libshutdown$$0000000E      0x00000302   Section        0  libshutdown2.o(.ARM.Collect$$libshutdown$$0000000E)
    .ARM.Collect$$libshutdown$$0000000F      0x00000302   Section        2  libshutdown2.o(.ARM.Collect$$libshutdown$$0000000F)
    .ARM.Collect$$rtentry$$00000000          0x00000304   Section        0  rtentry.o(.ARM.Collect$$rtentry$$00000000)
    .ARM.Collect$$rtentry$$00000002          0x00000304   Section        0  rtentry2.o(.ARM.Collect$$rtentry$$00000002)
    .ARM.Collect$$rtentry$$00000004          0x00000304   Section        6  rtentry4.o(.ARM.Collect$$rtentry$$00000004)
    .ARM.Collect$$rtentry$$00000009          0x0000030a   Section        0  rtentry2.o(.ARM.Collect$$rtentry$$00000009)
    .ARM.Collect$$rtentry$$0000000A          0x0000030a   Section        4  rtentry2.o(.ARM.Collect$$rtentry$$0000000A)
    .ARM.Collect$$rtentry$$0000000C          0x0000030e   Section        0  rtentry2.o(.ARM.Collect$$rtentry$$0000000C)
    .ARM.Collect$$rtentry$$0000000D          0x0000030e   Section        8  rtentry2.o(.ARM.Collect$$rtentry$$0000000D)
    .ARM.Collect$$rtexit$$00000000           0x00000316   Section        2  rtexit.o(.ARM.Collect$$rtexit$$00000000)
    .ARM.Collect$$rtexit$$00000002           0x00000318   Section        0  rtexit2.o(.ARM.Collect$$rtexit$$00000002)
    .ARM.Collect$$rtexit$$00000003           0x00000318   Section        4  rtexit2.o(.ARM.Collect$$rtexit$$00000003)
    .ARM.Collect$$rtexit$$00000004           0x0000031c   Section        6  rtexit2.o(.ARM.Collect$$rtexit$$00000004)
    .emb_text                                0x00000324   Section       52  rand.o(.emb_text)
    .text                                    0x00000358   Section       48  startup.o(.text)
    .text                                    0x00000388   Section       40  random.o(.text)
    .text                                    0x000003b0   Section        0  rand.o(.text)
    .text                                    0x000003ec   Section        0  exit.o(.text)
    .text                                    0x000003f8   Section       78  rt_memclr_w.o(.text)
    .text                                    0x00000446   Section        0  heapauxi.o(.text)
    .text                                    0x0000044c   Section        0  sys_exit.o(.text)
    .text                                    0x00000458   Section       74  sys_stackheap_outer.o(.text)
    .text                                    0x000004a4   Section        8  libspace.o(.text)
    .text                                    0x000004ac   Section        2  use_no_semi.o(.text)
    .text                                    0x000004ae   Section        0  indicate_semi.o(.text)
    i.ADC1_In                                0x000004b0   Section        0  texas.o(i.ADC1_In)
    i.ADC1_Init                              0x000004bc   Section        0  texas.o(i.ADC1_Init)
    i.AIManager                              0x00000590   Section        0  spaceinvaders.o(i.AIManager)
    i.AIPlay                                 0x00000660   Section        0  spaceinvaders.o(i.AIPlay)
    i.Delay100ms                             0x00000688   Section        0  spaceinvaders.o(i.Delay100ms)
    i.GetValue                               0x000006ac   Section        0  spaceinvaders.o(i.GetValue)
    i.NegaMax                                0x000006ec   Section        0  spaceinvaders.o(i.NegaMax)
    i.Nokia5110_Clear                        0x00000828   Section        0  virtualnokia5110.o(i.Nokia5110_Clear)
    i.Nokia5110_ClearBuffer                  0x00000848   Section        0  virtualnokia5110.o(i.Nokia5110_ClearBuffer)
    i.Nokia5110_DisplayBuffer                0x00000860   Section        0  virtualnokia5110.o(i.Nokia5110_DisplayBuffer)
    i.Nokia5110_DrawFullImage                0x00000870   Section        0  virtualnokia5110.o(i.Nokia5110_DrawFullImage)
    i.Nokia5110_Init                         0x00000894   Section        0  virtualnokia5110.o(i.Nokia5110_Init)
    i.Nokia5110_OutChar                      0x00000a00   Section        0  virtualnokia5110.o(i.Nokia5110_OutChar)
    i.Nokia5110_OutString                    0x00000a38   Section        0  virtualnokia5110.o(i.Nokia5110_OutString)
    i.Nokia5110_PrintBMP                     0x00000a50   Section        0  virtualnokia5110.o(i.Nokia5110_PrintBMP)
    i.Nokia5110_SetCursor                    0x00000bf8   Section        0  virtualnokia5110.o(i.Nokia5110_SetCursor)
    i.PLL_Init                               0x00000c28   Section        0  texas.o(i.PLL_Init)
    i.PlayPosition                           0x00000ca4   Section        0  spaceinvaders.o(i.PlayPosition)
    i.PortF_Init                             0x00000cc4   Section        0  spaceinvaders.o(i.PortF_Init)
    i.SetCode                                0x00000d88   Section        0  texas.o(i.SetCode)
    i.SetCourse                              0x00000da0   Section        0  texas.o(i.SetCourse)
    i.SwitchModes                            0x00000db8   Section        0  spaceinvaders.o(i.SwitchModes)
    i.TExaS_Init                             0x00000dfc   Section        0  texas.o(i.TExaS_Init)
    i.Timer4A_Handler                        0x00000fc0   Section        0  texas.o(i.Timer4A_Handler)
    i.Timer5A_Handler                        0x00000fe0   Section        0  texas.o(i.Timer5A_Handler)
    i.UART0_Init                             0x00001010   Section        0  texas.o(i.UART0_Init)
    i.UART_InChar                            0x000010d0   Section        0  uart.o(i.UART_InChar)
    i.UART_Init                              0x000010e8   Section        0  uart.o(i.UART_Init)
    i.UART_OutChar                           0x00001194   Section        0  uart.o(i.UART_OutChar)
    i.clean                                  0x000011ac   Section        0  spaceinvaders.o(i.clean)
    i.initialize_screen                      0x000011cc   Section        0  spaceinvaders.o(i.initialize_screen)
    i.lcdwrite                               0x00001214   Section        0  virtualnokia5110.o(i.lcdwrite)
    lcdwrite                                 0x00001215   Thumb Code    66  virtualnokia5110.o(i.lcdwrite)
    i.main                                   0x00001260   Section        0  spaceinvaders.o(i.main)
    i.playSwitches                           0x000013e4   Section        0  spaceinvaders.o(i.playSwitches)
    i.playUart                               0x0000143c   Section        0  spaceinvaders.o(i.playUart)
    i.printWinning                           0x00001450   Section        0  spaceinvaders.o(i.printWinning)
    i.set_mode                               0x000014a0   Section        0  spaceinvaders.o(i.set_mode)
    i.startingMulti                          0x000014ac   Section        0  spaceinvaders.o(i.startingMulti)
    i.submitGame                             0x00001520   Section        0  spaceinvaders.o(i.submitGame)
    i.toGame                                 0x00001558   Section        0  spaceinvaders.o(i.toGame)
    i.uartPlay                               0x000015d0   Section        0  spaceinvaders.o(i.uartPlay)
    i.updateArrow                            0x000015fc   Section        0  spaceinvaders.o(i.updateArrow)
    i.updateDisplay                          0x00001640   Section        0  spaceinvaders.o(i.updateDisplay)
    i.update_selection                       0x000016dc   Section        0  spaceinvaders.o(i.update_selection)
    i.waitPlayUart                           0x0000173c   Section        0  spaceinvaders.o(i.waitPlayUart)
    i.winning                                0x00001750   Section        0  spaceinvaders.o(i.winning)
    x$fpl$fadd                               0x00001898   Section      196  faddsub_clz.o(x$fpl$fadd)
    _fadd1                                   0x000018a7   Thumb Code     0  faddsub_clz.o(x$fpl$fadd)
    x$fpl$fcmpinf                            0x0000195c   Section       24  fcmpi.o(x$fpl$fcmpinf)
    x$fpl$ffix                               0x00001974   Section       54  ffix.o(x$fpl$ffix)
    x$fpl$fflt                               0x000019ac   Section       48  fflt_clz.o(x$fpl$fflt)
    x$fpl$fleqf                              0x000019dc   Section      104  fleqf.o(x$fpl$fleqf)
    x$fpl$fnaninf                            0x00001a44   Section      140  fnaninf.o(x$fpl$fnaninf)
    x$fpl$fretinf                            0x00001ad0   Section       10  fretinf.o(x$fpl$fretinf)
    x$fpl$frleqf                             0x00001ada   Section       98  frleqf.o(x$fpl$frleqf)
    x$fpl$frsb                               0x00001b3c   Section       20  faddsub_clz.o(x$fpl$frsb)
    x$fpl$fsub                               0x00001b50   Section      234  faddsub_clz.o(x$fpl$fsub)
    _fsub1                                   0x00001b5f   Thumb Code     0  faddsub_clz.o(x$fpl$fsub)
    x$fpl$usenofp                            0x00001c3a   Section        0  usenofp.o(x$fpl$usenofp)
    .constdata                               0x00001c3c   Section     1200  spaceinvaders.o(.constdata)
    ASCII                                    0x00001c3c   Data         480  spaceinvaders.o(.constdata)
    .constdata                               0x000020ec   Section      360  texas.o(.constdata)
    .constdata                               0x00002254   Section      480  virtualnokia5110.o(.constdata)
    ASCII                                    0x00002254   Data         480  virtualnokia5110.o(.constdata)
    .data                                    0x20000000   Section       84  spaceinvaders.o(.data)
    .data                                    0x20000054   Section       52  texas.o(.data)
    DATA                                     0x20000088   Section        4  random.o(DATA)
    M                                        0x20000088   Data           4  random.o(DATA)
    .bss                                     0x2000008c   Section      211  spaceinvaders.o(.bss)
    .bss                                     0x20000160   Section       56  texas.o(.bss)
    .bss                                     0x20000198   Section      504  virtualnokia5110.o(.bss)
    .bss                                     0x20000390   Section      228  rand.o(.bss)
    .bss                                     0x20000474   Section       96  libspace.o(.bss)
    HEAP                                     0x200004d8   Section        0  startup.o(HEAP)
    STACK                                    0x200004d8   Section     1024  startup.o(STACK)
    HeapMem                                  0x200004d8   Data           0  startup.o(HEAP)
    StackMem                                 0x200004d8   Data           0  startup.o(STACK)

    Global Symbols

    Symbol Name                              Value     Ov Type        Size  Object(Section)

    BuildAttributes$$THM_ISAv4$E$P$D$K$B$S$7EM$PE$A:L22UL41UL21$X:L11$S22US41US21$IEEE1$IW$USESV6$~STKCKD$USESV7$~SHL$OSPACE$ROPI$EBA8$UX$STANDARDLIB$REQ8$PRES8$EABIv2 0x00000000   Number         0  anon$$obj.o ABSOLUTE
    __ARM_use_no_argv                        0x00000000   Number         0  spaceinvaders.o ABSOLUTE
    __Vectors                                0x00000000   Data           0  startup.o(RESET)
    __ARM_exceptions_init                     - Undefined Weak Reference
    __alloca_initialize                       - Undefined Weak Reference
    __cpp_initialize__aeabi_                  - Undefined Weak Reference
    __cxa_finalize                            - Undefined Weak Reference
    __rt_locale                               - Undefined Weak Reference
    __sigvec_lookup                           - Undefined Weak Reference
    _atexit_init                              - Undefined Weak Reference
    _call_atexit_fns                          - Undefined Weak Reference
    _clock_init                               - Undefined Weak Reference
    _fp_trap_init                             - Undefined Weak Reference
    _fp_trap_shutdown                         - Undefined Weak Reference
    _get_lc_collate                           - Undefined Weak Reference
    _get_lc_ctype                             - Undefined Weak Reference
    _get_lc_monetary                          - Undefined Weak Reference
    _get_lc_numeric                           - Undefined Weak Reference
    _get_lc_time                              - Undefined Weak Reference
    _getenv_init                              - Undefined Weak Reference
    _handle_redirection                       - Undefined Weak Reference
    _init_alloc                               - Undefined Weak Reference
    _init_user_alloc                          - Undefined Weak Reference
    _initio                                   - Undefined Weak Reference
    _signal_finish                            - Undefined Weak Reference
    _signal_init                              - Undefined Weak Reference
    _terminate_alloc                          - Undefined Weak Reference
    _terminate_user_alloc                     - Undefined Weak Reference
    _terminateio                              - Undefined Weak Reference
    Reset_Handler                            0x0000026d   Thumb Code     0  startup.o(RESET)
    NMI_Handler                              0x00000271   Thumb Code     2  startup.o(RESET)
    HardFault_Handler                        0x00000273   Thumb Code     2  startup.o(RESET)
    MemManage_Handler                        0x00000275   Thumb Code     2  startup.o(RESET)
    BusFault_Handler                         0x00000277   Thumb Code     2  startup.o(RESET)
    UsageFault_Handler                       0x00000279   Thumb Code     2  startup.o(RESET)
    SVC_Handler                              0x0000027b   Thumb Code     2  startup.o(RESET)
    DebugMon_Handler                         0x0000027d   Thumb Code     2  startup.o(RESET)
    PendSV_Handler                           0x0000027f   Thumb Code     2  startup.o(RESET)
    SysTick_Handler                          0x00000281   Thumb Code     2  startup.o(RESET)
    ADC0Seq0_Handler                         0x00000283   Thumb Code     0  startup.o(RESET)
    ADC0Seq1_Handler                         0x00000283   Thumb Code     0  startup.o(RESET)
    ADC0Seq2_Handler                         0x00000283   Thumb Code     0  startup.o(RESET)
    ADC0Seq3_Handler                         0x00000283   Thumb Code     0  startup.o(RESET)
    ADC1Seq0_Handler                         0x00000283   Thumb Code     0  startup.o(RESET)
    ADC1Seq1_Handler                         0x00000283   Thumb Code     0  startup.o(RESET)
    ADC1Seq2_Handler                         0x00000283   Thumb Code     0  startup.o(RESET)
    ADC1Seq3_Handler                         0x00000283   Thumb Code     0  startup.o(RESET)
    CAN0_Handler                             0x00000283   Thumb Code     0  startup.o(RESET)
    CAN1_Handler                             0x00000283   Thumb Code     0  startup.o(RESET)
    CAN2_Handler                             0x00000283   Thumb Code     0  startup.o(RESET)
    Comp0_Handler                            0x00000283   Thumb Code     0  startup.o(RESET)
    Comp1_Handler                            0x00000283   Thumb Code     0  startup.o(RESET)
    Comp2_Handler                            0x00000283   Thumb Code     0  startup.o(RESET)
    Ethernet_Handler                         0x00000283   Thumb Code     0  startup.o(RESET)
    ExtBus_Handler                           0x00000283   Thumb Code     0  startup.o(RESET)
    FPU_Handler                              0x00000283   Thumb Code     0  startup.o(RESET)
    Fan0_Handler                             0x00000283   Thumb Code     0  startup.o(RESET)
    FlashCtl_Handler                         0x00000283   Thumb Code     0  startup.o(RESET)
    GPIOPortA_Handler                        0x00000283   Thumb Code     0  startup.o(RESET)
    GPIOPortB_Handler                        0x00000283   Thumb Code     0  startup.o(RESET)
    GPIOPortC_Handler                        0x00000283   Thumb Code     0  startup.o(RESET)
    GPIOPortD_Handler                        0x00000283   Thumb Code     0  startup.o(RESET)
    GPIOPortE_Handler                        0x00000283   Thumb Code     0  startup.o(RESET)
    GPIOPortF_Handler                        0x00000283   Thumb Code     0  startup.o(RESET)
    GPIOPortG_Handler                        0x00000283   Thumb Code     0  startup.o(RESET)
    GPIOPortH_Handler                        0x00000283   Thumb Code     0  startup.o(RESET)
    GPIOPortJ_Handler                        0x00000283   Thumb Code     0  startup.o(RESET)
    GPIOPortK_Handler                        0x00000283   Thumb Code     0  startup.o(RESET)
    GPIOPortL_Handler                        0x00000283   Thumb Code     0  startup.o(RESET)
    GPIOPortM_Handler                        0x00000283   Thumb Code     0  startup.o(RESET)
    GPIOPortN_Handler                        0x00000283   Thumb Code     0  startup.o(RESET)
    GPIOPortP1_Handler                       0x00000283   Thumb Code     0  startup.o(RESET)
    GPIOPortP2_Handler                       0x00000283   Thumb Code     0  startup.o(RESET)
    GPIOPortP3_Handler                       0x00000283   Thumb Code     0  startup.o(RESET)
    GPIOPortP4_Handler                       0x00000283   Thumb Code     0  startup.o(RESET)
    GPIOPortP5_Handler                       0x00000283   Thumb Code     0  startup.o(RESET)
    GPIOPortP6_Handler                       0x00000283   Thumb Code     0  startup.o(RESET)
    GPIOPortP7_Handler                       0x00000283   Thumb Code     0  startup.o(RESET)
    GPIOPortP_Handler                        0x00000283   Thumb Code     0  startup.o(RESET)
    GPIOPortQ1_Handler                       0x00000283   Thumb Code     0  startup.o(RESET)
    GPIOPortQ2_Handler                       0x00000283   Thumb Code     0  startup.o(RESET)
    GPIOPortQ3_Handler                       0x00000283   Thumb Code     0  startup.o(RESET)
    GPIOPortQ4_Handler                       0x00000283   Thumb Code     0  startup.o(RESET)
    GPIOPortQ5_Handler                       0x00000283   Thumb Code     0  startup.o(RESET)
    GPIOPortQ6_Handler                       0x00000283   Thumb Code     0  startup.o(RESET)
    GPIOPortQ7_Handler                       0x00000283   Thumb Code     0  startup.o(RESET)
    GPIOPortQ_Handler                        0x00000283   Thumb Code     0  startup.o(RESET)
    GPIOPortR_Handler                        0x00000283   Thumb Code     0  startup.o(RESET)
    GPIOPortS_Handler                        0x00000283   Thumb Code     0  startup.o(RESET)
    Hibernate_Handler                        0x00000283   Thumb Code     0  startup.o(RESET)
    I2C0_Handler                             0x00000283   Thumb Code     0  startup.o(RESET)
    I2C1_Handler                             0x00000283   Thumb Code     0  startup.o(RESET)
    I2C2_Handler                             0x00000283   Thumb Code     0  startup.o(RESET)
    I2C3_Handler                             0x00000283   Thumb Code     0  startup.o(RESET)
    I2C4_Handler                             0x00000283   Thumb Code     0  startup.o(RESET)
    I2C5_Handler                             0x00000283   Thumb Code     0  startup.o(RESET)
    I2S0_Handler                             0x00000283   Thumb Code     0  startup.o(RESET)
    LPC0_Handler                             0x00000283   Thumb Code     0  startup.o(RESET)
    PECI0_Handler                            0x00000283   Thumb Code     0  startup.o(RESET)
    PWM0Fault_Handler                        0x00000283   Thumb Code     0  startup.o(RESET)
    PWM0Generator0_Handler                   0x00000283   Thumb Code     0  startup.o(RESET)
    PWM0Generator1_Handler                   0x00000283   Thumb Code     0  startup.o(RESET)
    PWM0Generator2_Handler                   0x00000283   Thumb Code     0  startup.o(RESET)
    PWM0Generator3_Handler                   0x00000283   Thumb Code     0  startup.o(RESET)
    PWM1Fault_Handler                        0x00000283   Thumb Code     0  startup.o(RESET)
    PWM1Generator0_Handler                   0x00000283   Thumb Code     0  startup.o(RESET)
    PWM1Generator1_Handler                   0x00000283   Thumb Code     0  startup.o(RESET)
    PWM1Generator2_Handler                   0x00000283   Thumb Code     0  startup.o(RESET)
    PWM1Generator3_Handler                   0x00000283   Thumb Code     0  startup.o(RESET)
    Quadrature0_Handler                      0x00000283   Thumb Code     0  startup.o(RESET)
    Quadrature1_Handler                      0x00000283   Thumb Code     0  startup.o(RESET)
    Quadrature2_Handler                      0x00000283   Thumb Code     0  startup.o(RESET)
    SSI0_Handler                             0x00000283   Thumb Code     0  startup.o(RESET)
    SSI1_Handler                             0x00000283   Thumb Code     0  startup.o(RESET)
    SSI2_Handler                             0x00000283   Thumb Code     0  startup.o(RESET)
    SSI3_Handler                             0x00000283   Thumb Code     0  startup.o(RESET)
    SysCtl_Handler                           0x00000283   Thumb Code     0  startup.o(RESET)
    Timer0A_Handler                          0x00000283   Thumb Code     0  startup.o(RESET)
    Timer0B_Handler                          0x00000283   Thumb Code     0  startup.o(RESET)
    Timer1A_Handler                          0x00000283   Thumb Code     0  startup.o(RESET)
    Timer1B_Handler                          0x00000283   Thumb Code     0  startup.o(RESET)
    Timer2A_Handler                          0x00000283   Thumb Code     0  startup.o(RESET)
    Timer2B_Handler                          0x00000283   Thumb Code     0  startup.o(RESET)
    Timer3A_Handler                          0x00000283   Thumb Code     0  startup.o(RESET)
    Timer3B_Handler                          0x00000283   Thumb Code     0  startup.o(RESET)
    Timer4B_Handler                          0x00000283   Thumb Code     0  startup.o(RESET)
    Timer5B_Handler                          0x00000283   Thumb Code     0  startup.o(RESET)
    UART0_Handler                            0x00000283   Thumb Code     0  startup.o(RESET)
    UART1_Handler                            0x00000283   Thumb Code     0  startup.o(RESET)
    UART2_Handler                            0x00000283   Thumb Code     0  startup.o(RESET)
    UART3_Handler                            0x00000283   Thumb Code     0  startup.o(RESET)
    UART4_Handler                            0x00000283   Thumb Code     0  startup.o(RESET)
    UART5_Handler                            0x00000283   Thumb Code     0  startup.o(RESET)
    UART6_Handler                            0x00000283   Thumb Code     0  startup.o(RESET)
    UART7_Handler                            0x00000283   Thumb Code     0  startup.o(RESET)
    USB0_Handler                             0x00000283   Thumb Code     0  startup.o(RESET)
    WDT_Handler                              0x00000283   Thumb Code     0  startup.o(RESET)
    WideTimer0A_Handler                      0x00000283   Thumb Code     0  startup.o(RESET)
    WideTimer0B_Handler                      0x00000283   Thumb Code     0  startup.o(RESET)
    WideTimer1A_Handler                      0x00000283   Thumb Code     0  startup.o(RESET)
    WideTimer1B_Handler                      0x00000283   Thumb Code     0  startup.o(RESET)
    WideTimer2A_Handler                      0x00000283   Thumb Code     0  startup.o(RESET)
    WideTimer2B_Handler                      0x00000283   Thumb Code     0  startup.o(RESET)
    WideTimer3A_Handler                      0x00000283   Thumb Code     0  startup.o(RESET)
    WideTimer3B_Handler                      0x00000283   Thumb Code     0  startup.o(RESET)
    WideTimer4A_Handler                      0x00000283   Thumb Code     0  startup.o(RESET)
    WideTimer4B_Handler                      0x00000283   Thumb Code     0  startup.o(RESET)
    WideTimer5A_Handler                      0x00000283   Thumb Code     0  startup.o(RESET)
    WideTimer5B_Handler                      0x00000283   Thumb Code     0  startup.o(RESET)
    uDMA_Error                               0x00000283   Thumb Code     0  startup.o(RESET)
    uDMA_Handler                             0x00000283   Thumb Code     0  startup.o(RESET)
    __main                                   0x00000285   Thumb Code     8  __main.o(!!!main)
    __scatterload                            0x0000028d   Thumb Code     0  __scatter.o(!!!scatter)
    __scatterload_rt2                        0x0000028d   Thumb Code    44  __scatter.o(!!!scatter)
    __scatterload_rt2_thumb_only             0x0000028d   Thumb Code     0  __scatter.o(!!!scatter)
    __scatterload_null                       0x0000029b   Thumb Code     0  __scatter.o(!!!scatter)
    __scatterload_copy                       0x000002c1   Thumb Code    26  __scatter_copy.o(!!handler_copy)
    __scatterload_zeroinit                   0x000002dd   Thumb Code    28  __scatter_zi.o(!!handler_zi)
    __rt_lib_init                            0x000002f9   Thumb Code     0  libinit.o(.ARM.Collect$$libinit$$00000000)
    __rt_lib_init_fp_1                       0x000002fb   Thumb Code     0  libinit2.o(.ARM.Collect$$libinit$$00000002)
    __rt_lib_init_heap_1                     0x000002fb   Thumb Code     0  libinit2.o(.ARM.Collect$$libinit$$00000008)
    __rt_lib_init_rand_2                     0x000002fb   Thumb Code     0  libinit2.o(.ARM.Collect$$libinit$$0000000B)
    __rt_lib_init_user_alloc_1               0x000002fb   Thumb Code     0  libinit2.o(.ARM.Collect$$libinit$$0000000A)
    __rt_lib_init_alloca_1                   0x000002ff   Thumb Code     0  libinit2.o(.ARM.Collect$$libinit$$0000002C)
    __rt_lib_init_argv_1                     0x000002ff   Thumb Code     0  libinit2.o(.ARM.Collect$$libinit$$0000002A)
    __rt_lib_init_atexit_1                   0x000002ff   Thumb Code     0  libinit2.o(.ARM.Collect$$libinit$$00000019)
    __rt_lib_init_clock_1                    0x000002ff   Thumb Code     0  libinit2.o(.ARM.Collect$$libinit$$0000001F)
    __rt_lib_init_cpp_1                      0x000002ff   Thumb Code     0  libinit2.o(.ARM.Collect$$libinit$$00000030)
    __rt_lib_init_exceptions_1               0x000002ff   Thumb Code     0  libinit2.o(.ARM.Collect$$libinit$$0000002E)
    __rt_lib_init_fp_trap_1                  0x000002ff   Thumb Code     0  libinit2.o(.ARM.Collect$$libinit$$0000001D)
    __rt_lib_init_getenv_1                   0x000002ff   Thumb Code     0  libinit2.o(.ARM.Collect$$libinit$$00000021)
    __rt_lib_init_lc_collate_1               0x000002ff   Thumb Code     0  libinit2.o(.ARM.Collect$$libinit$$0000000F)
    __rt_lib_init_lc_ctype_1                 0x000002ff   Thumb Code     0  libinit2.o(.ARM.Collect$$libinit$$00000011)
    __rt_lib_init_lc_monetary_1              0x000002ff   Thumb Code     0  libinit2.o(.ARM.Collect$$libinit$$00000013)
    __rt_lib_init_lc_numeric_1               0x000002ff   Thumb Code     0  libinit2.o(.ARM.Collect$$libinit$$00000015)
    __rt_lib_init_lc_time_1                  0x000002ff   Thumb Code     0  libinit2.o(.ARM.Collect$$libinit$$00000017)
    __rt_lib_init_rand_1                     0x000002ff   Thumb Code     0  libinit2.o(.ARM.Collect$$libinit$$0000000C)
    __rt_lib_init_return                     0x000002ff   Thumb Code     0  libinit2.o(.ARM.Collect$$libinit$$00000031)
    __rt_lib_init_signal_1                   0x000002ff   Thumb Code     0  libinit2.o(.ARM.Collect$$libinit$$0000001B)
    __rt_lib_init_stdio_1                    0x000002ff   Thumb Code     0  libinit2.o(.ARM.Collect$$libinit$$00000023)
    __rt_lib_shutdown                        0x00000301   Thumb Code     0  libshutdown.o(.ARM.Collect$$libshutdown$$00000000)
    __rt_lib_shutdown_fp_trap_1              0x00000303   Thumb Code     0  libshutdown2.o(.ARM.Collect$$libshutdown$$00000006)
    __rt_lib_shutdown_heap_1                 0x00000303   Thumb Code     0  libshutdown2.o(.ARM.Collect$$libshutdown$$0000000E)
    __rt_lib_shutdown_return                 0x00000303   Thumb Code     0  libshutdown2.o(.ARM.Collect$$libshutdown$$0000000F)
    __rt_lib_shutdown_signal_1               0x00000303   Thumb Code     0  libshutdown2.o(.ARM.Collect$$libshutdown$$00000009)
    __rt_lib_shutdown_stdio_1                0x00000303   Thumb Code     0  libshutdown2.o(.ARM.Collect$$libshutdown$$00000003)
    __rt_lib_shutdown_user_alloc_1           0x00000303   Thumb Code     0  libshutdown2.o(.ARM.Collect$$libshutdown$$0000000B)
    __rt_entry                               0x00000305   Thumb Code     0  rtentry.o(.ARM.Collect$$rtentry$$00000000)
    __rt_entry_presh_1                       0x00000305   Thumb Code     0  rtentry2.o(.ARM.Collect$$rtentry$$00000002)
    __rt_entry_sh                            0x00000305   Thumb Code     0  rtentry4.o(.ARM.Collect$$rtentry$$00000004)
    __rt_entry_li                            0x0000030b   Thumb Code     0  rtentry2.o(.ARM.Collect$$rtentry$$0000000A)
    __rt_entry_postsh_1                      0x0000030b   Thumb Code     0  rtentry2.o(.ARM.Collect$$rtentry$$00000009)
    __rt_entry_main                          0x0000030f   Thumb Code     0  rtentry2.o(.ARM.Collect$$rtentry$$0000000D)
    __rt_entry_postli_1                      0x0000030f   Thumb Code     0  rtentry2.o(.ARM.Collect$$rtentry$$0000000C)
    __rt_exit                                0x00000317   Thumb Code     0  rtexit.o(.ARM.Collect$$rtexit$$00000000)
    __rt_exit_ls                             0x00000319   Thumb Code     0  rtexit2.o(.ARM.Collect$$rtexit$$00000003)
    __rt_exit_prels_1                        0x00000319   Thumb Code     0  rtexit2.o(.ARM.Collect$$rtexit$$00000002)
    __rt_exit_exit                           0x0000031d   Thumb Code     0  rtexit2.o(.ARM.Collect$$rtexit$$00000004)
    rand                                     0x00000325   Thumb Code    48  rand.o(.emb_text)
    DisableInterrupts                        0x00000359   Thumb Code     0  startup.o(.text)
    EnableInterrupts                         0x0000035d   Thumb Code     0  startup.o(.text)
    StartCritical                            0x00000361   Thumb Code     0  startup.o(.text)
    EndCritical                              0x00000369   Thumb Code     0  startup.o(.text)
    WaitForInterrupt                         0x0000036f   Thumb Code     0  startup.o(.text)
    __user_initial_stackheap                 0x00000373   Thumb Code     0  startup.o(.text)
    Random_Init                              0x00000389   Thumb Code     0  random.o(.text)
    Random                                   0x00000393   Thumb Code     2  random.o(.text)
    srand                                    0x000003b1   Thumb Code    42  rand.o(.text)
    _rand_init                               0x000003db   Thumb Code     4  rand.o(.text)
    exit                                     0x000003ed   Thumb Code    12  exit.o(.text)
    __aeabi_memclr4                          0x000003f9   Thumb Code     0  rt_memclr_w.o(.text)
    __aeabi_memclr8                          0x000003f9   Thumb Code     0  rt_memclr_w.o(.text)
    __rt_memclr_w                            0x000003f9   Thumb Code    78  rt_memclr_w.o(.text)
    _memset_w                                0x000003fd   Thumb Code     0  rt_memclr_w.o(.text)
    __use_two_region_memory                  0x00000447   Thumb Code     2  heapauxi.o(.text)
    __rt_heap_escrow$2region                 0x00000449   Thumb Code     2  heapauxi.o(.text)
    __rt_heap_expand$2region                 0x0000044b   Thumb Code     2  heapauxi.o(.text)
    _sys_exit                                0x0000044d   Thumb Code     8  sys_exit.o(.text)
    __user_setup_stackheap                   0x00000459   Thumb Code    74  sys_stackheap_outer.o(.text)
    __user_libspace                          0x000004a5   Thumb Code     8  libspace.o(.text)
    __user_perproc_libspace                  0x000004a5   Thumb Code     0  libspace.o(.text)
    __user_perthread_libspace                0x000004a5   Thumb Code     0  libspace.o(.text)
    __I$use$semihosting                      0x000004ad   Thumb Code     0  use_no_semi.o(.text)
    __use_no_semihosting_swi                 0x000004ad   Thumb Code     2  use_no_semi.o(.text)
    __semihosting_library_function           0x000004af   Thumb Code     0  indicate_semi.o(.text)
    ADC1_In                                  0x000004b1   Thumb Code     6  texas.o(i.ADC1_In)
    ADC1_Init                                0x000004bd   Thumb Code   174  texas.o(i.ADC1_Init)
    AIManager                                0x00000591   Thumb Code   182  spaceinvaders.o(i.AIManager)
    AIPlay                                   0x00000661   Thumb Code    36  spaceinvaders.o(i.AIPlay)
    Delay100ms                               0x00000689   Thumb Code    30  spaceinvaders.o(i.Delay100ms)
    GetValue                                 0x000006ad   Thumb Code    60  spaceinvaders.o(i.GetValue)
    NegaMax                                  0x000006ed   Thumb Code   302  spaceinvaders.o(i.NegaMax)
    Nokia5110_Clear                          0x00000829   Thumb Code    32  virtualnokia5110.o(i.Nokia5110_Clear)
    Nokia5110_ClearBuffer                    0x00000849   Thumb Code    20  virtualnokia5110.o(i.Nokia5110_ClearBuffer)
    Nokia5110_DisplayBuffer                  0x00000861   Thumb Code    10  virtualnokia5110.o(i.Nokia5110_DisplayBuffer)
    Nokia5110_DrawFullImage                  0x00000871   Thumb Code    34  virtualnokia5110.o(i.Nokia5110_DrawFullImage)
    Nokia5110_Init                           0x00000895   Thumb Code   316  virtualnokia5110.o(i.Nokia5110_Init)
    Nokia5110_OutChar                        0x00000a01   Thumb Code    52  virtualnokia5110.o(i.Nokia5110_OutChar)
    Nokia5110_OutString                      0x00000a39   Thumb Code    22  virtualnokia5110.o(i.Nokia5110_OutString)
    Nokia5110_PrintBMP                       0x00000a51   Thumb Code   420  virtualnokia5110.o(i.Nokia5110_PrintBMP)
    Nokia5110_SetCursor                      0x00000bf9   Thumb Code    48  virtualnokia5110.o(i.Nokia5110_SetCursor)
    PLL_Init                                 0x00000c29   Thumb Code   118  texas.o(i.PLL_Init)
    PlayPosition                             0x00000ca5   Thumb Code    28  spaceinvaders.o(i.PlayPosition)
    PortF_Init                               0x00000cc5   Thumb Code   150  spaceinvaders.o(i.PortF_Init)
    SetCode                                  0x00000d89   Thumb Code    20  texas.o(i.SetCode)
    SetCourse                                0x00000da1   Thumb Code    20  texas.o(i.SetCourse)
    SwitchModes                              0x00000db9   Thumb Code    58  spaceinvaders.o(i.SwitchModes)
    TExaS_Init                               0x00000dfd   Thumb Code   324  texas.o(i.TExaS_Init)
    Timer4A_Handler                          0x00000fc1   Thumb Code    20  texas.o(i.Timer4A_Handler)
    Timer5A_Handler                          0x00000fe1   Thumb Code    34  texas.o(i.Timer5A_Handler)
    UART0_Init                               0x00001011   Thumb Code   160  texas.o(i.UART0_Init)
    UART_InChar                              0x000010d1   Thumb Code    20  uart.o(i.UART_InChar)
    UART_Init                                0x000010e9   Thumb Code   146  uart.o(i.UART_Init)
    UART_OutChar                             0x00001195   Thumb Code    18  uart.o(i.UART_OutChar)
    clean                                    0x000011ad   Thumb Code    24  spaceinvaders.o(i.clean)
    initialize_screen                        0x000011cd   Thumb Code    64  spaceinvaders.o(i.initialize_screen)
    main                                     0x00001261   Thumb Code   346  spaceinvaders.o(i.main)
    playSwitches                             0x000013e5   Thumb Code    80  spaceinvaders.o(i.playSwitches)
    playUart                                 0x0000143d   Thumb Code    18  spaceinvaders.o(i.playUart)
    printWinning                             0x00001451   Thumb Code    60  spaceinvaders.o(i.printWinning)
    set_mode                                 0x000014a1   Thumb Code     6  spaceinvaders.o(i.set_mode)
    startingMulti                            0x000014ad   Thumb Code    96  spaceinvaders.o(i.startingMulti)
    submitGame                               0x00001521   Thumb Code    50  spaceinvaders.o(i.submitGame)
    toGame                                   0x00001559   Thumb Code   112  spaceinvaders.o(i.toGame)
    uartPlay                                 0x000015d1   Thumb Code    42  spaceinvaders.o(i.uartPlay)
    updateArrow                              0x000015fd   Thumb Code    60  spaceinvaders.o(i.updateArrow)
    updateDisplay                            0x00001641   Thumb Code   140  spaceinvaders.o(i.updateDisplay)
    update_selection                         0x000016dd   Thumb Code    76  spaceinvaders.o(i.update_selection)
    waitPlayUart                             0x0000173d   Thumb Code    18  spaceinvaders.o(i.waitPlayUart)
    winning                                  0x00001751   Thumb Code   324  spaceinvaders.o(i.winning)
    __aeabi_fadd                             0x00001899   Thumb Code     0  faddsub_clz.o(x$fpl$fadd)
    _fadd                                    0x00001899   Thumb Code   196  faddsub_clz.o(x$fpl$fadd)
    __fpl_fcmp_Inf                           0x0000195d   Thumb Code    24  fcmpi.o(x$fpl$fcmpinf)
    __aeabi_f2iz                             0x00001975   Thumb Code     0  ffix.o(x$fpl$ffix)
    _ffix                                    0x00001975   Thumb Code    54  ffix.o(x$fpl$ffix)
    __aeabi_i2f                              0x000019ad   Thumb Code     0  fflt_clz.o(x$fpl$fflt)
    _fflt                                    0x000019ad   Thumb Code    48  fflt_clz.o(x$fpl$fflt)
    __aeabi_cfcmple                          0x000019dd   Thumb Code     0  fleqf.o(x$fpl$fleqf)
    _fcmple                                  0x000019dd   Thumb Code   104  fleqf.o(x$fpl$fleqf)
    __fpl_fcmple_InfNaN                      0x00001a2f   Thumb Code     0  fleqf.o(x$fpl$fleqf)
    __fpl_fnaninf                            0x00001a45   Thumb Code   140  fnaninf.o(x$fpl$fnaninf)
    __fpl_fretinf                            0x00001ad1   Thumb Code    10  fretinf.o(x$fpl$fretinf)
    __aeabi_cfrcmple                         0x00001adb   Thumb Code     0  frleqf.o(x$fpl$frleqf)
    _frcmple                                 0x00001adb   Thumb Code    98  frleqf.o(x$fpl$frleqf)
    __aeabi_frsub                            0x00001b3d   Thumb Code     0  faddsub_clz.o(x$fpl$frsb)
    _frsb                                    0x00001b3d   Thumb Code    20  faddsub_clz.o(x$fpl$frsb)
    __aeabi_fsub                             0x00001b51   Thumb Code     0  faddsub_clz.o(x$fpl$fsub)
    _fsub                                    0x00001b51   Thumb Code   234  faddsub_clz.o(x$fpl$fsub)
    __I$use$fp                               0x00001c3a   Number         0  usenofp.o(x$fpl$usenofp)
    player1                                  0x00001e1c   Data         142  spaceinvaders.o(.constdata)
    player2                                  0x00001eaa   Data         142  spaceinvaders.o(.constdata)
    empty_slot                               0x00001f38   Data         142  spaceinvaders.o(.constdata)
    arrow                                    0x00001fc6   Data         142  spaceinvaders.o(.constdata)
    empty                                    0x00002054   Data         142  spaceinvaders.o(.constdata)
    NoInputMsg                               0x000020ec   Data          40  texas.o(.constdata)
    OutputPortMsg0                           0x00002114   Data          40  texas.o(.constdata)
    OutputPortMsg1                           0x0000213c   Data          40  texas.o(.constdata)
    OutputPortMsg2                           0x00002164   Data          40  texas.o(.constdata)
    OutputPortMsg3                           0x0000218c   Data          40  texas.o(.constdata)
    BlankMsg                                 0x000021b4   Data          40  texas.o(.constdata)
    InitializedMsg                           0x000021dc   Data          40  texas.o(.constdata)
    IntroMsg                                 0x00002204   Data          40  texas.o(.constdata)
    DoneMsg                                  0x0000222c   Data          40  texas.o(.constdata)
    Region$$Table$$Base                      0x00002434   Number         0  anon$$obj.o(Region$$Table)
    Region$$Table$$Limit                     0x00002454   Number         0  anon$$obj.o(Region$$Table)
    provocation                              0x20000000   Data           4  spaceinvaders.o(.data)
    PlayOut                                  0x20000004   Data           4  spaceinvaders.o(.data)
    EVA                                      0x20000008   Data           4  spaceinvaders.o(.data)
    Mode                                     0x2000000c   Data           4  spaceinvaders.o(.data)
    mod1                                     0x20000010   Data          14  spaceinvaders.o(.data)
    mod2                                     0x2000001e   Data          19  spaceinvaders.o(.data)
    mode                                     0x20000034   Data           4  spaceinvaders.o(.data)
    s                                        0x20000038   Data           4  spaceinvaders.o(.data)
    waiting                                  0x2000003c   Data           4  spaceinvaders.o(.data)
    beginOrWait                              0x20000040   Data           4  spaceinvaders.o(.data)
    postition                                0x20000044   Data           4  spaceinvaders.o(.data)
    co                                       0x20000048   Data           4  spaceinvaders.o(.data)
    In                                       0x2000004c   Data           4  spaceinvaders.o(.data)
    Out                                      0x20000050   Data           4  spaceinvaders.o(.data)
    TExaS_Period                             0x20000054   Data           4  texas.o(.data)
    TExaS_Ports                              0x20000058   Data           8  texas.o(.data)
    Display                                  0x20000060   Data           1  texas.o(.data)
    TExaS_Meter                              0x20000064   Data           4  texas.o(.data)
    ADCnum                                   0x20000068   Data           4  texas.o(.data)
    LastMode                                 0x2000006c   Data           4  texas.o(.data)
    bFlag                                    0x20000070   Data           4  texas.o(.data)
    Count                                    0x20000074   Data           4  texas.o(.data)
    DelayBetweenTests                        0x20000078   Data           4  texas.o(.data)
    TExaS_Test                               0x2000007c   Data           4  texas.o(.data)
    ScopeMode                                0x20000080   Data           4  texas.o(.data)
    ScopeCount                               0x20000084   Data           4  texas.o(.data)
    states                                   0x2000008c   Data         168  spaceinvaders.o(.bss)
    input                                    0x20000134   Data          43  spaceinvaders.o(.bss)
    TExaS                                    0x20000160   Data          56  texas.o(.bss)
    Screen                                   0x20000198   Data         504  virtualnokia5110.o(.bss)
    _random_number_data                      0x20000390   Data         228  rand.o(.bss)
    __libspace_start                         0x20000474   Data          96  libspace.o(.bss)
    __temporary_stack_top$libspace           0x200004d4   Data           0  libspace.o(.bss)



==============================================================================

Memory Map of the image

  Image Entry point : 0x0000026d

  Load Region LR_1 (Base: 0x00000000, Size: 0x000024e0, Max: 0xffffffff, ABSOLUTE)

    Execution Region ER_RO (Base: 0x00000000, Size: 0x00002454, Max: 0xffffffff, ABSOLUTE)

    Base Addr    Size         Type   Attr      Idx    E Section Name        Object

    0x00000000   0x00000284   Code   RO            3  * RESET               startup.o
    0x00000284   0x00000008   Code   RO          430  * !!!main             c_w.l(__main.o)
    0x0000028c   0x00000034   Code   RO          609    !!!scatter          c_w.l(__scatter.o)
    0x000002c0   0x0000001a   Code   RO          611    !!handler_copy      c_w.l(__scatter_copy.o)
    0x000002da   0x00000002   PAD
    0x000002dc   0x0000001c   Code   RO          613    !!handler_zi        c_w.l(__scatter_zi.o)
    0x000002f8   0x00000002   Code   RO          546    .ARM.Collect$$libinit$$00000000  c_w.l(libinit.o)
    0x000002fa   0x00000000   Code   RO          454    .ARM.Collect$$libinit$$00000002  c_w.l(libinit2.o)
    0x000002fa   0x00000000   Code   RO          457    .ARM.Collect$$libinit$$00000008  c_w.l(libinit2.o)
    0x000002fa   0x00000000   Code   RO          459    .ARM.Collect$$libinit$$0000000A  c_w.l(libinit2.o)
    0x000002fa   0x00000004   Code   RO          460    .ARM.Collect$$libinit$$0000000B  c_w.l(libinit2.o)
    0x000002fe   0x00000000   Code   RO          461    .ARM.Collect$$libinit$$0000000C  c_w.l(libinit2.o)
    0x000002fe   0x00000000   Code   RO          464    .ARM.Collect$$libinit$$0000000F  c_w.l(libinit2.o)
    0x000002fe   0x00000000   Code   RO          466    .ARM.Collect$$libinit$$00000011  c_w.l(libinit2.o)
    0x000002fe   0x00000000   Code   RO          468    .ARM.Collect$$libinit$$00000013  c_w.l(libinit2.o)
    0x000002fe   0x00000000   Code   RO          470    .ARM.Collect$$libinit$$00000015  c_w.l(libinit2.o)
    0x000002fe   0x00000000   Code   RO          472    .ARM.Collect$$libinit$$00000017  c_w.l(libinit2.o)
    0x000002fe   0x00000000   Code   RO          474    .ARM.Collect$$libinit$$00000019  c_w.l(libinit2.o)
    0x000002fe   0x00000000   Code   RO          476    .ARM.Collect$$libinit$$0000001B  c_w.l(libinit2.o)
    0x000002fe   0x00000000   Code   RO          478    .ARM.Collect$$libinit$$0000001D  c_w.l(libinit2.o)
    0x000002fe   0x00000000   Code   RO          480    .ARM.Collect$$libinit$$0000001F  c_w.l(libinit2.o)
    0x000002fe   0x00000000   Code   RO          482    .ARM.Collect$$libinit$$00000021  c_w.l(libinit2.o)
    0x000002fe   0x00000000   Code   RO          484    .ARM.Collect$$libinit$$00000023  c_w.l(libinit2.o)
    0x000002fe   0x00000000   Code   RO          488    .ARM.Collect$$libinit$$0000002A  c_w.l(libinit2.o)
    0x000002fe   0x00000000   Code   RO          490    .ARM.Collect$$libinit$$0000002C  c_w.l(libinit2.o)
    0x000002fe   0x00000000   Code   RO          492    .ARM.Collect$$libinit$$0000002E  c_w.l(libinit2.o)
    0x000002fe   0x00000000   Code   RO          494    .ARM.Collect$$libinit$$00000030  c_w.l(libinit2.o)
    0x000002fe   0x00000002   Code   RO          495    .ARM.Collect$$libinit$$00000031  c_w.l(libinit2.o)
    0x00000300   0x00000002   Code   RO          547    .ARM.Collect$$libshutdown$$00000000  c_w.l(libshutdown.o)
    0x00000302   0x00000000   Code   RO          564    .ARM.Collect$$libshutdown$$00000003  c_w.l(libshutdown2.o)
    0x00000302   0x00000000   Code   RO          567    .ARM.Collect$$libshutdown$$00000006  c_w.l(libshutdown2.o)
    0x00000302   0x00000000   Code   RO          570    .ARM.Collect$$libshutdown$$00000009  c_w.l(libshutdown2.o)
    0x00000302   0x00000000   Code   RO          572    .ARM.Collect$$libshutdown$$0000000B  c_w.l(libshutdown2.o)
    0x00000302   0x00000000   Code   RO          575    .ARM.Collect$$libshutdown$$0000000E  c_w.l(libshutdown2.o)
    0x00000302   0x00000002   Code   RO          576    .ARM.Collect$$libshutdown$$0000000F  c_w.l(libshutdown2.o)
    0x00000304   0x00000000   Code   RO          450    .ARM.Collect$$rtentry$$00000000  c_w.l(rtentry.o)
    0x00000304   0x00000000   Code   RO          504    .ARM.Collect$$rtentry$$00000002  c_w.l(rtentry2.o)
    0x00000304   0x00000006   Code   RO          516    .ARM.Collect$$rtentry$$00000004  c_w.l(rtentry4.o)
    0x0000030a   0x00000000   Code   RO          506    .ARM.Collect$$rtentry$$00000009  c_w.l(rtentry2.o)
    0x0000030a   0x00000004   Code   RO          507    .ARM.Collect$$rtentry$$0000000A  c_w.l(rtentry2.o)
    0x0000030e   0x00000000   Code   RO          509    .ARM.Collect$$rtentry$$0000000C  c_w.l(rtentry2.o)
    0x0000030e   0x00000008   Code   RO          510    .ARM.Collect$$rtentry$$0000000D  c_w.l(rtentry2.o)
    0x00000316   0x00000002   Code   RO          451    .ARM.Collect$$rtexit$$00000000  c_w.l(rtexit.o)
    0x00000318   0x00000000   Code   RO          519    .ARM.Collect$$rtexit$$00000002  c_w.l(rtexit2.o)
    0x00000318   0x00000004   Code   RO          520    .ARM.Collect$$rtexit$$00000003  c_w.l(rtexit2.o)
    0x0000031c   0x00000006   Code   RO          521    .ARM.Collect$$rtexit$$00000004  c_w.l(rtexit2.o)
    0x00000322   0x00000002   PAD
    0x00000324   0x00000034   Code   RO          419    .emb_text           c_w.l(rand.o)
    0x00000358   0x00000030   Code   RO            4    .text               startup.o
    0x00000388   0x00000028   Code   RO           13    .text               random.o
    0x000003b0   0x0000003c   Code   RO          420    .text               c_w.l(rand.o)
    0x000003ec   0x0000000c   Code   RO          424    .text               c_w.l(exit.o)
    0x000003f8   0x0000004e   Code   RO          426    .text               c_w.l(rt_memclr_w.o)
    0x00000446   0x00000006   Code   RO          428    .text               c_w.l(heapauxi.o)
    0x0000044c   0x0000000c   Code   RO          531    .text               c_w.l(sys_exit.o)
    0x00000458   0x0000004a   Code   RO          533    .text               c_w.l(sys_stackheap_outer.o)
    0x000004a2   0x00000002   PAD
    0x000004a4   0x00000008   Code   RO          550    .text               c_w.l(libspace.o)
    0x000004ac   0x00000002   Code   RO          553    .text               c_w.l(use_no_semi.o)
    0x000004ae   0x00000000   Code   RO          555    .text               c_w.l(indicate_semi.o)
    0x000004ae   0x00000002   PAD
    0x000004b0   0x0000000c   Code   RO          199    i.ADC1_In           texas.o
    0x000004bc   0x000000d4   Code   RO          200    i.ADC1_Init         texas.o
    0x00000590   0x000000d0   Code   RO           16    i.AIManager         spaceinvaders.o
    0x00000660   0x00000028   Code   RO           17    i.AIPlay            spaceinvaders.o
    0x00000688   0x00000024   Code   RO           18    i.Delay100ms        spaceinvaders.o
    0x000006ac   0x00000040   Code   RO           19    i.GetValue          spaceinvaders.o
    0x000006ec   0x0000013c   Code   RO           20    i.NegaMax           spaceinvaders.o
    0x00000828   0x00000020   Code   RO          318    i.Nokia5110_Clear   virtualnokia5110.o
    0x00000848   0x00000018   Code   RO          319    i.Nokia5110_ClearBuffer  virtualnokia5110.o
    0x00000860   0x00000010   Code   RO          320    i.Nokia5110_DisplayBuffer  virtualnokia5110.o
    0x00000870   0x00000022   Code   RO          321    i.Nokia5110_DrawFullImage  virtualnokia5110.o
    0x00000892   0x00000002   PAD
    0x00000894   0x0000016c   Code   RO          322    i.Nokia5110_Init    virtualnokia5110.o
    0x00000a00   0x00000038   Code   RO          323    i.Nokia5110_OutChar  virtualnokia5110.o
    0x00000a38   0x00000016   Code   RO          324    i.Nokia5110_OutString  virtualnokia5110.o
    0x00000a4e   0x00000002   PAD
    0x00000a50   0x000001a8   Code   RO          326    i.Nokia5110_PrintBMP  virtualnokia5110.o
    0x00000bf8   0x00000030   Code   RO          327    i.Nokia5110_SetCursor  virtualnokia5110.o
    0x00000c28   0x0000007c   Code   RO          201    i.PLL_Init          texas.o
    0x00000ca4   0x00000020   Code   RO           21    i.PlayPosition      spaceinvaders.o
    0x00000cc4   0x000000c4   Code   RO           22    i.PortF_Init        spaceinvaders.o
    0x00000d88   0x00000018   Code   RO          202    i.SetCode           texas.o
    0x00000da0   0x00000018   Code   RO          203    i.SetCourse         texas.o
    0x00000db8   0x00000044   Code   RO           23    i.SwitchModes       spaceinvaders.o
    0x00000dfc   0x000001c4   Code   RO          207    i.TExaS_Init        texas.o
    0x00000fc0   0x00000020   Code   RO          209    i.Timer4A_Handler   texas.o
    0x00000fe0   0x00000030   Code   RO          210    i.Timer5A_Handler   texas.o
    0x00001010   0x000000c0   Code   RO          213    i.UART0_Init        texas.o
    0x000010d0   0x00000018   Code   RO          393    i.UART_InChar       uart.o
    0x000010e8   0x000000ac   Code   RO          394    i.UART_Init         uart.o
    0x00001194   0x00000018   Code   RO          395    i.UART_OutChar      uart.o
    0x000011ac   0x00000020   Code   RO           24    i.clean             spaceinvaders.o
    0x000011cc   0x00000048   Code   RO           25    i.initialize_screen  spaceinvaders.o
    0x00001214   0x0000004c   Code   RO          328    i.lcdwrite          virtualnokia5110.o
    0x00001260   0x00000184   Code   RO           26    i.main              spaceinvaders.o
    0x000013e4   0x00000058   Code   RO           27    i.playSwitches      spaceinvaders.o
    0x0000143c   0x00000012   Code   RO           28    i.playUart          spaceinvaders.o
    0x0000144e   0x00000002   PAD
    0x00001450   0x00000050   Code   RO           29    i.printWinning      spaceinvaders.o
    0x000014a0   0x0000000c   Code   RO           30    i.set_mode          spaceinvaders.o
    0x000014ac   0x00000074   Code   RO           31    i.startingMulti     spaceinvaders.o
    0x00001520   0x00000038   Code   RO           32    i.submitGame        spaceinvaders.o
    0x00001558   0x00000078   Code   RO           33    i.toGame            spaceinvaders.o
    0x000015d0   0x0000002a   Code   RO           34    i.uartPlay          spaceinvaders.o
    0x000015fa   0x00000002   PAD
    0x000015fc   0x00000044   Code   RO           35    i.updateArrow       spaceinvaders.o
    0x00001640   0x0000009c   Code   RO           36    i.updateDisplay     spaceinvaders.o
    0x000016dc   0x00000060   Code   RO           37    i.update_selection  spaceinvaders.o
    0x0000173c   0x00000012   Code   RO           38    i.waitPlayUart      spaceinvaders.o
    0x0000174e   0x00000002   PAD
    0x00001750   0x00000148   Code   RO           39    i.winning           spaceinvaders.o
    0x00001898   0x000000c4   Code   RO          432    x$fpl$fadd          fz_ws.l(faddsub_clz.o)
    0x0000195c   0x00000018   Code   RO          527    x$fpl$fcmpinf       fz_ws.l(fcmpi.o)
    0x00001974   0x00000036   Code   RO          438    x$fpl$ffix          fz_ws.l(ffix.o)
    0x000019aa   0x00000002   PAD
    0x000019ac   0x00000030   Code   RO          443    x$fpl$fflt          fz_ws.l(fflt_clz.o)
    0x000019dc   0x00000068   Code   RO          496    x$fpl$fleqf         fz_ws.l(fleqf.o)
    0x00001a44   0x0000008c   Code   RO          498    x$fpl$fnaninf       fz_ws.l(fnaninf.o)
    0x00001ad0   0x0000000a   Code   RO          500    x$fpl$fretinf       fz_ws.l(fretinf.o)
    0x00001ada   0x00000062   Code   RO          448    x$fpl$frleqf        fz_ws.l(frleqf.o)
    0x00001b3c   0x00000014   Code   RO          433    x$fpl$frsb          fz_ws.l(faddsub_clz.o)
    0x00001b50   0x000000ea   Code   RO          434    x$fpl$fsub          fz_ws.l(faddsub_clz.o)
    0x00001c3a   0x00000000   Code   RO          502    x$fpl$usenofp       fz_ws.l(usenofp.o)
    0x00001c3a   0x00000002   PAD
    0x00001c3c   0x000004b0   Data   RO           41    .constdata          spaceinvaders.o
    0x000020ec   0x00000168   Data   RO          218    .constdata          texas.o
    0x00002254   0x000001e0   Data   RO          330    .constdata          virtualnokia5110.o
    0x00002434   0x00000020   Data   RO          607    Region$$Table       anon$$obj.o


    Execution Region ER_RW (Base: 0x20000000, Size: 0x0000008c, Max: 0xffffffff, ABSOLUTE)

    Base Addr    Size         Type   Attr      Idx    E Section Name        Object

    0x20000000   0x00000054   Data   RW           42    .data               spaceinvaders.o
    0x20000054   0x00000034   Data   RW          219    .data               texas.o
    0x20000088   0x00000004   Data   RW           12    DATA                random.o


    Execution Region ER_ZI (Base: 0x2000008c, Size: 0x0000084c, Max: 0xffffffff, ABSOLUTE)

    Base Addr    Size         Type   Attr      Idx    E Section Name        Object

    0x2000008c   0x000000d3   Zero   RW           40    .bss                spaceinvaders.o
    0x2000015f   0x00000001   PAD
    0x20000160   0x00000038   Zero   RW          217    .bss                texas.o
    0x20000198   0x000001f8   Zero   RW          329    .bss                virtualnokia5110.o
    0x20000390   0x000000e4   Zero   RW          421    .bss                c_w.l(rand.o)
    0x20000474   0x00000060   Zero   RW          551    .bss                c_w.l(libspace.o)
    0x200004d4   0x00000004   PAD
    0x200004d8   0x00000000   Zero   RW            2    HEAP                startup.o
    0x200004d8   0x00000400   Zero   RW            1    STACK               startup.o


==============================================================================

Image component sizes


      Code (inc. data)   RO Data    RW Data    ZI Data      Debug   Object Name

        40         12          0          4          0        196   random.o
      2650        288       1200         84        211      16511   spaceinvaders.o
       692        632          0          0       1024        916   startup.o
      1120        244        360         52         56      15668   texas.o
       220         36          0          0          0       1201   uart.o
      1096         76        480          0        504       7353   virtualnokia5110.o

    ----------------------------------------------------------------------
      5828       1288       2072        140       1796      41845   Object Totals
         0          0         32          0          0          0   (incl. Generated)
        10          0          0          0          1          0   (incl. Padding)

    ----------------------------------------------------------------------

      Code (inc. data)   RO Data    RW Data    ZI Data      Debug   Library Member Name

         8          0          0          0          0         68   __main.o
        52          8          0          0          0          0   __scatter.o
        26          0          0          0          0          0   __scatter_copy.o
        28          0          0          0          0          0   __scatter_zi.o
        12          0          0          0          0         72   exit.o
         6          0          0          0          0        152   heapauxi.o
         0          0          0          0          0          0   indicate_semi.o
         2          0          0          0          0          0   libinit.o
         6          0          0          0          0          0   libinit2.o
         2          0          0          0          0          0   libshutdown.o
         2          0          0          0          0          0   libshutdown2.o
         8          4          0          0         96         68   libspace.o
       112         18          0          0        228        160   rand.o
        78          0          0          0          0         80   rt_memclr_w.o
         0          0          0          0          0          0   rtentry.o
        12          0          0          0          0          0   rtentry2.o
         6          0          0          0          0          0   rtentry4.o
         2          0          0          0          0          0   rtexit.o
        10          0          0          0          0          0   rtexit2.o
        12          4          0          0          0         68   sys_exit.o
        74          0          0          0          0         80   sys_stackheap_outer.o
         2          0          0          0          0         68   use_no_semi.o
       450          8          0          0          0        236   faddsub_clz.o
        24          0          0          0          0         68   fcmpi.o
        54          4          0          0          0         84   ffix.o
        48          0          0          0          0         68   fflt_clz.o
       104          4          0          0          0         84   fleqf.o
       140          4          0          0          0         84   fnaninf.o
        10          0          0          0          0         68   fretinf.o
        98          0          0          0          0         68   frleqf.o
         0          0          0          0          0          0   usenofp.o

    ----------------------------------------------------------------------
      1400         54          0          0        328       1576   Library Totals
        12          0          0          0          4          0   (incl. Padding)

    ----------------------------------------------------------------------

      Code (inc. data)   RO Data    RW Data    ZI Data      Debug   Library Name

       460         34          0          0        324        816   c_w.l
       928         20          0          0          0        760   fz_ws.l

    ----------------------------------------------------------------------
      1400         54          0          0        328       1576   Library Totals

    ----------------------------------------------------------------------

==============================================================================


      Code (inc. data)   RO Data    RW Data    ZI Data      Debug   

      7228       1342       2072        140       2124      40249   Grand Totals
      7228       1342       2072        140       2124      40249   ELF Image Totals
      7228       1342       2072        140          0          0   ROM Totals

==============================================================================

    Total RO  Size (Code + RO Data)                 9300 (   9.08kB)
    Total RW  Size (RW Data + ZI Data)              2264 (   2.21kB)
    Total ROM Size (Code + RO Data + RW Data)       9440 (   9.22kB)

==============================================================================

